24: 2 2 2 3

2

4

6

8

10

somi-Vostro-2520
Filesystem     1K-blocks     Used Available Use% Mounted on
/dev/sda5       27299028  5329400  20559836  21% /
none                   4        0         4   0% /sys/fs/cgroup
udev             1943084        4   1943080   1% /dev
tmpfs             390776     1112    389664   1% /run
none                5120        0      5120   0% /run/lock
none             1953860      160   1953700   1% /run/shm
none              102400       76    102324   1% /run/user
/dev/sda2      102041596 76899304  25142292  76% /media/somi/921472F41472DAA5
/dev/sda3      354061852 51437764 302624088  15% /media/somi/4A5EB74B5EB72E97
4	./gg
28	.
4	./gg
28	.
/dev/pts/10
Usage: aspell [options] <command>
<command> is one of:
  -?|usage         display a brief usage message
  help             display a detailed help message
  -c|check <file>  to check a file
  -a|pipe          "ispell -a" compatibility mode
  [dump] config    dumps the current configuration to stdout
  config <key>     prints the current value of an option
  [dump] dicts | filters | modes
    lists available dictionaries / filters / filter modes
[options] is any of the following:
  --encoding=<str>            encoding to expect data to be in
  --mode=<str>                filter mode
  -l,--lang=<str>             language code
  -d,--master=<str>           base name of the main dictionary to use
  --sug-mode=<str>            suggestion mode
enable .
enable :
enable [
enable alias
enable bg
enable bind
enable break
enable builtin
enable caller
enable cd
enable command
enable compgen
enable complete
enable compopt
enable continue
enable declare
enable dirs
enable disown
enable echo
enable enable
enable eval
enable exec
enable exit
enable export
enable false
enable fc
enable fg
enable getopts
enable hash
enable help
enable history
enable jobs
enable kill
enable let
enable local
enable logout
enable mapfile
enable popd
enable printf
enable pushd
enable pwd
enable read
enable readarray
enable readonly
enable return
enable set
enable shift
enable shopt
enable source
enable suspend
enable test
enable times
enable trap
enable true
enable type
enable typeset
enable ulimit
enable umask
enable unalias
enable unset
enable wait
somi     pts/28       :0               Fri Jan 23 16:50   still logged in   
somi     pts/10       :0               Fri Jan 23 16:45   still logged in   
somi     pts/10       :0               Fri Jan 23 16:42 - 16:45  (00:03)    
somi     pts/10       :0               Fri Jan 23 16:03 - 16:42  (00:38)    
somi     pts/10       :0               Fri Jan 23 15:59 - 16:03  (00:04)    
root     pts/10       :1.0             Fri Jan 23 15:40 - 15:40  (00:00)    
somi     pts/0        :0               Fri Jan 23 15:28 - 15:59  (00:31)    
somi     pts/8        :0               Fri Jan 23 15:15   still logged in   
somi     pts/8        :0               Fri Jan 23 14:36 - 14:53  (00:17)    
somi     pts/0        :0               Fri Jan 23 14:15 - 15:27  (01:12)    
somi     :0           :0               Fri Jan 23 13:57   still logged in   
reboot   system boot  3.13.0-44-generi Fri Jan 23 13:56 - 19:27  (05:31)    
somi     :0           :0               Thu Jan 22 18:03 - down   (00:15)    
reboot   system boot  3.13.0-44-generi Thu Jan 22 18:03 - 18:18  (00:15)    
somi     pts/25       :0               Thu Jan 22 15:06 - 15:09  (00:02)    
somi     pts/8        :0               Thu Jan 22 13:32 - 15:09  (01:36)    
somi     pts/24       :0               Thu Jan 22 13:26 - 15:09  (01:42)    
somi     pts/9        :0               Thu Jan 22 13:19 - 15:09  (01:50)    
somi     pts/8        :0               Thu Jan 22 12:52 - 13:32  (00:40)    
somi     pts/8        :0               Thu Jan 22 12:26 - 12:26  (00:00)    
somi     pts/0        :0               Thu Jan 22 12:24 - 15:09  (02:44)    
somi     :0           :0               Thu Jan 22 12:10 - down   (03:55)    
reboot   system boot  3.13.0-44-generi Thu Jan 22 12:10 - 16:06  (03:56)    
somi     :0           :0               Tue Jan 20 11:07 - down   (02:12)    
reboot   system boot  3.13.0-44-generi Tue Jan 20 11:07 - 13:20  (02:12)    
somi     :0           :0               Tue Jan 20 10:02 - down   (00:05)    
reboot   system boot  3.13.0-44-generi Tue Jan 20 10:01 - 10:07  (00:05)    
somi     pts/0        :0               Tue Jan 20 06:52 - 06:58  (00:05)    
somi     :0           :0               Tue Jan 20 06:47 - down   (00:11)    
reboot   system boot  3.13.0-44-generi Tue Jan 20 06:46 - 06:59  (00:13)    
somi     pts/1        :0               Mon Jan 19 17:51 - 17:52  (00:01)    
somi     pts/1        :0               Mon Jan 19 17:47 - 17:50  (00:02)    
somi     pts/6        localhost        Mon Jan 19 17:35 - 17:46  (00:10)    
somi     pts/4        :0               Mon Jan 19 17:30 - 17:46  (00:15)    
somi     pts/1        :0               Mon Jan 19 17:17 - 17:30  (00:13)    
somi     pts/1        :0               Mon Jan 19 16:56 - 17:16  (00:19)    
somi     :0           :0               Mon Jan 19 16:53 - down   (00:59)    
reboot   system boot  3.13.0-32-generi Mon Jan 19 16:53 - 17:53  (00:59)    
somi     :0           :0               Mon Jan 19 16:45 - down   (00:06)    
reboot   system boot  3.13.0-32-generi Mon Jan 19 10:17 - 16:52  (06:34)    
somi     pts/29       :0               Mon Jan 19 10:14 - down   (00:02)    
somi     pts/2        :0               Mon Jan 19 10:13 - 10:16  (00:02)    
guest-1p pts/1        :1               Mon Jan 19 10:13 - down   (00:03)    
guest-1p pts/1        :1               Mon Jan 19 10:07 - 10:09  (00:01)    
guest-1p :1           :1               Mon Jan 19 10:00 - down   (00:16)    
somi     :0           :0               Mon Jan 19 09:56 - down   (00:20)    
reboot   system boot  3.13.0-32-generi Mon Jan 19 09:56 - 10:17  (00:21)    

wtmp begins Mon Jan 19 09:56:11 2015
data parsing
1c1
< data parsing
---
> ghzks
gnisrap atad
lo        Link encap:Local Loopback  
          inet addr:127.0.0.1  Mask:255.0.0.0
          inet6 addr: ::1/128 Scope:Host
          UP LOOPBACK RUNNING  MTU:65536  Metric:1
          RX packets:1902 errors:0 dropped:0 overruns:0 frame:0
          TX packets:1902 errors:0 dropped:0 overruns:0 carrier:0
          collisions:0 txqueuelen:0 
          RX bytes:175811 (175.8 KB)  TX bytes:175811 (175.8 KB)

USER       PID %CPU %MEM    VSZ   RSS TTY      STAT START   TIME COMMAND
root       892  0.0  0.0  20016     4 tty4     Ss+  13:56   0:00 /sbin/getty -8 38400 tty4
root       896  0.0  0.0  20016     8 tty5     Ss+  13:56   0:00 /sbin/getty -8 38400 tty5
root       903  0.0  0.0  20016     4 tty2     Ss+  13:56   0:00 /sbin/getty -8 38400 tty2
root       904  0.0  0.0  20016     4 tty3     Ss+  13:56   0:00 /sbin/getty -8 38400 tty3
root       907  0.0  0.0  20016     4 tty6     Ss+  13:56   0:00 /sbin/getty -8 38400 tty6
root      1063  0.0  0.0  20016     8 tty1     Ss+  13:56   0:00 /sbin/getty -8 38400 tty1
root      1100  1.6  0.4 310244 17476 tty7     Ssl+ 13:56   5:27 /usr/bin/X -core :0 -seat seat0 -auth /var/run/lightdm/root/:0 -nolisten tcp vt7 -novtswitch
root     12522  0.0  0.0  71480     4 pts/27   S    16:42   0:00 sudo su
root     12523  0.0  0.0  70820     0 pts/27   S    16:42   0:00 su
root     12524  0.0  0.0  25308     4 pts/27   S+   16:42   0:00 bash
root     12534  0.0  0.0  25160     4 pts/27   T    16:42   0:00 vi
root     12878  0.0  0.0  71476     4 pts/10   S    16:49   0:00 sudo su
root     12879  0.0  0.0  70820     0 pts/10   S    16:49   0:00 su
root     12880  0.0  0.0  25276  1024 pts/10   S    16:49   0:00 bash
root     13452  0.0  0.0  22644  1308 pts/10   R+   19:29   0:00 ps -u
4	./gg
32	.
somi     :0           2015-01-23 13:57 (:0)
somi     pts/8        2015-01-23 15:15 (:0)
somi     pts/10       2015-01-23 16:45 (:0)
somi     pts/28       2015-01-23 16:50 (:0)
NAME     LINE         TIME             COMMENT
somi     :0           2015-01-23 13:57 (:0)
somi     pts/8        2015-01-23 15:15 (:0)
somi     pts/10       2015-01-23 16:45 (:0)
somi     pts/28       2015-01-23 16:50 (:0)
         pts/0        2015-01-23 15:59                 0 id=/0    term=0 exit=0
         pts/24       2015-01-23 16:03             11803 id=/24   term=0 exit=0
         pts/26       2015-01-23 16:04             12125 id=/26   term=0 exit=0
         pts/25       2015-01-23 16:03             12090 id=/25   term=0 exit=0
         pts/27       2015-01-23 16:05             12168 id=/27   term=0 exit=0
         system boot  2015-01-23 13:56
Linux somi-Vostro-2520 3.13.0-44-generic #73-Ubuntu SMP Tue Dec 16 00:22:43 UTC 2014 x86_64 x86_64 x86_64 GNU/Linux
             total       used       free     shared    buffers     cached
Mem:       3907724     815936    3091788     148928      16852     327668
-/+ buffers/cache:     471416    3436308
Swap:      4052988     432216    3620772
somi-Vostro-2520
Use: screen [-opts] [cmd [args]]
 or: screen -r [host.tty]

Options:
-4            Resolve hostnames only to IPv4 addresses.
-6            Resolve hostnames only to IPv6 addresses.
-a            Force all capabilities into each window's termcap.
-A -[r|R]     Adapt all windows to the new display width & height.
-c file       Read configuration file instead of '.screenrc'.
-d (-r)       Detach the elsewhere running screen (and reattach here).
-dmS name     Start as daemon: Screen session in detached mode.
-D (-r)       Detach and logout remote (and reattach here).
-D -RR        Do whatever is needed to get a screen session.
-e xy         Change command characters.
-f            Flow control on, -fn = off, -fa = auto.
-h lines      Set the size of the scrollback history buffer.
-i            Interrupt output sooner when flow control is on.
-l            Login mode on (update /var/run/utmp), -ln = off.
-ls [match]   or -list. Do nothing, just list our SockDir [on possible matches].
-L            Turn on output logging.
-m            ignore $STY variable, do create a new screen session.
-O            Choose optimal output rather than exact vt100 emulation.
-p window     Preselect the named window if it exists.
-q            Quiet startup. Exits with non-zero return code if unsuccessful.
-r [session]  Reattach to a detached screen process.
-R            Reattach if possible, otherwise start a new session.
-s shell      Shell to execute rather than $SHELL.
-S sockname   Name this session <pid>.sockname instead of <pid>.<tty>.<host>.
-t title      Set title. (window's name).
-T term       Use term as $TERM for windows, rather than "screen".
-U            Tell screen to use UTF-8 encoding.
-v            Print "Screen version 4.01.00devel (GNU) 2-May-06".
-wipe [match] Do nothing, just clean up SockDir [on possible matches].
-x            Attach to a not detached screen. (Multi display mode).
-X            Execute <cmd> as a screen command in the specified session.

Error: Specify an alternate rc-filename with -c
data parsing
 [?1h = [?25l [H [J [m top - 19:49:58 up  5:53,  4 users,  load average: 0.01, 0.06, 0.05 [m  [39;49m [m  [39;49m [K
Tasks: [m  [39;49m [1m 214  [m  [39;49mtotal, [m  [39;49m [1m   1  [m  [39;49mrunning, [m  [39;49m [1m 211  [m  [39;49msleeping, [m  [39;49m [1m   2  [m  [39;49mstopped, [m  [39;49m [1m   0  [m  [39;49mzombie [m  [39;49m [m  [39;49m [K
%Cpu(s): [m  [39;49m [1m  1.8  [m  [39;49mus, [m  [39;49m [1m  1.0  [m  [39;49msy, [m  [39;49m [1m  0.2  [m  [39;49mni, [m  [39;49m [1m 86.9  [m  [39;49mid, [m  [39;49m [1m 10.1  [m  [39;49mwa, [m  [39;49m [1m  0.0  [m  [39;49mhi, [m  [39;49m [1m  0.0  [m  [39;49msi, [m  [39;49m [1m  0.0  [m  [39;49mst [m  [39;49m [m  [39;49m [K
KiB Mem:  [m  [39;49m [1m  3907724  [m  [39;49mtotal, [m  [39;49m [1m   828992  [m  [39;49mused, [m  [39;49m [1m  3078732  [m  [39;49mfree, [m  [39;49m [1m    18516  [m  [39;49mbuffers [m  [39;49m [m  [39;49m [K
KiB Swap: [m  [39;49m [1m  4052988  [m  [39;49mtotal, [m  [39;49m [1m   432136  [m  [39;49mused, [m  [39;49m [1m  3620852  [m  [39;49mfree. [m  [39;49m [1m   336892  [m  [39;49mcached Mem [m  [39;49m [m  [39;49m [K
 [K
 [7m  PID USER      PR  NI    VIRT    RES    SHR S  %CPU %MEM     TIME+ COMMAND      [m  [39;49m [K
 [m  [1m13513 root      20   0   29144   1584   1088 R  12.8  0.0   0:00.02 top          [m  [39;49m [K
 [m  1962 somi      20   0 1304784  32860  14116 S   6.4  0.8   3:03.61 compiz       [m  [39;49m [K
 [J [H [m top - 19:50:01 up  5:53,  4 users,  load average: 0.01, 0.06, 0.05 [m  [39;49m [m  [39;49m [K
Tasks: [m  [39;49m [1m 214  [m  [39;49mtotal, [m  [39;49m [1m   1  [m  [39;49mrunning, [m  [39;49m [1m 211  [m  [39;49msleeping, [m  [39;49m [1m   2  [m  [39;49mstopped, [m  [39;49m [1m   0  [m  [39;49mzombie [m  [39;49m [m  [39;49m [K
%Cpu(s): [m  [39;49m [1m  0.7  [m  [39;49mus, [m  [39;49m [1m  0.1  [m  [39;49msy, [m  [39;49m [1m  0.0  [m  [39;49mni, [m  [39;49m [1m 99.2  [m  [39;49mid, [m  [39;49m [1m  0.0  [m  [39;49mwa, [m  [39;49m [1m  0.0  [m  [39;49mhi, [m  [39;49m [1m  0.0  [m  [39;49msi, [m  [39;49m [1m  0.0  [m  [39;49mst [m  [39;49m [m  [39;49m [K
KiB Mem:  [m  [39;49m [1m  3907724  [m  [39;49mtotal, [m  [39;49m [1m   829116  [m  [39;49mused, [m  [39;49m [1m  3078608  [m  [39;49mfree, [m  [39;49m [1m    18516  [m  [39;49mbuffers [m  [39;49m [m  [39;49m [K
KiB Swap: [m  [39;49m [1m  4052988  [m  [39;49mtotal, [m  [39;49m [1m   432136  [m  [39;49mused, [m  [39;49m [1m  3620852  [m  [39;49mfree. [m  [39;49m [1m   337008  [m  [39;49mcached Mem [m  [39;49m [m  [39;49m [K
 [K

 [m  1962 somi      20   0 1304784  32860  14116 S   1.0  0.8   3:03.64 compiz       [m  [39;49m [K
 [m  1100 root      20   0  310532  17584   5752 S   0.7  0.4   5:33.51 Xorg         [m  [39;49m [K
 [m  1684 somi      20   0  684932  11880   2812 S   0.3  0.3   0:08.90 hud-service  [m  [39;49m [K
 [m  1972 somi      20   0 1205036  21460   9256 S   0.3  0.5   0:23.55 nautilus     [m  [39;49m [K
 [m  2321 root      20   0       0      0      0 S   0.3  0.0   0:10.48 kworker/0:2  [m  [39;49m [K
 [m  3302 somi      20   0  660228   9972   3980 S   0.3  0.3   0:57.48 gnome-term+  [m  [39;49m [K
 [J [?1l > [25;1H
 [34h [?25h [K[    0.000000] Initializing cgroup subsys cpuset
[    0.000000] Initializing cgroup subsys cpu
[    0.000000] Initializing cgroup subsys cpuacct
[    0.000000] Linux version 3.13.0-44-generic (buildd@lamiak) (gcc version 4.8.2 (Ubuntu 4.8.2-19ubuntu1) ) #73-Ubuntu SMP Tue Dec 16 00:22:43 UTC 2014 (Ubuntu 3.13.0-44.73-generic 3.13.11-ckt12)
[    0.000000] Command line: BOOT_IMAGE=/boot/vmlinuz-3.13.0-44-generic root=UUID=c4e5e613-0953-4051-9c5c-625c441ab19e ro quiet splash vt.handoff=7
[    0.000000] KERNEL supported cpus:
[    0.000000]   Intel GenuineIntel
[    0.000000]   AMD AuthenticAMD
[    0.000000]   Centaur CentaurHauls
[    0.000000] e820: BIOS-provided physical RAM map:
[    0.000000] BIOS-e820: [mem 0x0000000000000000-0x000000000009d3ff] usable
[    0.000000] BIOS-e820: [mem 0x000000000009d400-0x000000000009ffff] reserved
[    0.000000] BIOS-e820: [mem 0x00000000000e0000-0x00000000000fffff] reserved
[    0.000000] BIOS-e820: [mem 0x0000000000100000-0x000000001fffffff] usable
[    0.000000] BIOS-e820: [mem 0x0000000020000000-0x00000000201fffff] reserved
[    0.000000] BIOS-e820: [mem 0x0000000020200000-0x000000003fffffff] usable
[    0.000000] BIOS-e820: [mem 0x0000000040000000-0x00000000401fffff] reserved
[    0.000000] BIOS-e820: [mem 0x0000000040200000-0x00000000d7dd7fff] usable
[    0.000000] BIOS-e820: [mem 0x00000000d7dd8000-0x00000000d882cfff] reserved
[    0.000000] BIOS-e820: [mem 0x00000000d882d000-0x00000000d883dfff] ACPI data
[    0.000000] BIOS-e820: [mem 0x00000000d883e000-0x00000000d96c7fff] ACPI NVS
[    0.000000] BIOS-e820: [mem 0x00000000d96c8000-0x00000000da1fcfff] reserved
[    0.000000] BIOS-e820: [mem 0x00000000da1fd000-0x00000000da1fdfff] usable
[    0.000000] BIOS-e820: [mem 0x00000000da1fe000-0x00000000da240fff] ACPI NVS
[    0.000000] BIOS-e820: [mem 0x00000000da241000-0x00000000da9d5fff] usable
[    0.000000] BIOS-e820: [mem 0x00000000da9d6000-0x00000000daff1fff] reserved
[    0.000000] BIOS-e820: [mem 0x00000000daff2000-0x00000000daffffff] usable
[    0.000000] BIOS-e820: [mem 0x00000000db800000-0x00000000df9fffff] reserved
[    0.000000] BIOS-e820: [mem 0x00000000f8000000-0x00000000fbffffff] reserved
[    0.000000] BIOS-e820: [mem 0x00000000fec00000-0x00000000fec00fff] reserved
[    0.000000] BIOS-e820: [mem 0x00000000fed00000-0x00000000fed03fff] reserved
[    0.000000] BIOS-e820: [mem 0x00000000fed1c000-0x00000000fed1ffff] reserved
[    0.000000] BIOS-e820: [mem 0x00000000fee00000-0x00000000fee00fff] reserved
[    0.000000] BIOS-e820: [mem 0x00000000ff000000-0x00000000ffffffff] reserved
[    0.000000] BIOS-e820: [mem 0x0000000100000000-0x000000011f5fffff] usable
[    0.000000] NX (Execute Disable) protection: active
[    0.000000] SMBIOS 2.7 present.
[    0.000000] DMI: Dell Inc. Vostro 2520/0V1NDP, BIOS A09 09/09/2013
[    0.000000] e820: update [mem 0x00000000-0x00000fff] usable ==> reserved
[    0.000000] e820: remove [mem 0x000a0000-0x000fffff] usable
[    0.000000] No AGP bridge found
[    0.000000] e820: last_pfn = 0x11f600 max_arch_pfn = 0x400000000
[    0.000000] MTRR default type: uncachable
[    0.000000] MTRR fixed ranges enabled:
[    0.000000]   00000-9FFFF write-back
[    0.000000]   A0000-BFFFF uncachable
[    0.000000]   C0000-CFFFF write-protect
[    0.000000]   D0000-E7FFF uncachable
[    0.000000]   E8000-FFFFF write-protect
[    0.000000] MTRR variable ranges enabled:
[    0.000000]   0 base 000000000 mask F00000000 write-back
[    0.000000]   1 base 100000000 mask FE0000000 write-back
[    0.000000]   2 base 0E0000000 mask FE0000000 uncachable
[    0.000000]   3 base 0DC000000 mask FFC000000 uncachable
[    0.000000]   4 base 0DB800000 mask FFF800000 uncachable
[    0.000000]   5 base 11F800000 mask FFF800000 uncachable
[    0.000000]   6 base 11F600000 mask FFFE00000 uncachable
[    0.000000]   7 disabled
[    0.000000]   8 disabled
[    0.000000]   9 disabled
[    0.000000] x86 PAT enabled: cpu 0, old 0x7040600070406, new 0x7010600070106
[    0.000000] original variable MTRRs
[    0.000000] reg 0, base: 0GB, range: 4GB, type WB
[    0.000000] reg 1, base: 4GB, range: 512MB, type WB
[    0.000000] reg 2, base: 3584MB, range: 512MB, type UC
[    0.000000] reg 3, base: 3520MB, range: 64MB, type UC
[    0.000000] reg 4, base: 3512MB, range: 8MB, type UC
[    0.000000] reg 5, base: 4600MB, range: 8MB, type UC
[    0.000000] reg 6, base: 4598MB, range: 2MB, type UC
[    0.000000] total RAM covered: 4014M
[    0.000000] Found optimal setting for mtrr clean up
[    0.000000]  gran_size: 64K 	chunk_size: 128M 	num_reg: 8  	lose cover RAM: 0G
[    0.000000] New variable MTRRs
[    0.000000] reg 0, base: 0GB, range: 2GB, type WB
[    0.000000] reg 1, base: 2GB, range: 1GB, type WB
[    0.000000] reg 2, base: 3GB, range: 512MB, type WB
[    0.000000] reg 3, base: 3512MB, range: 8MB, type UC
[    0.000000] reg 4, base: 3520MB, range: 64MB, type UC
[    0.000000] reg 5, base: 4GB, range: 512MB, type WB
[    0.000000] reg 6, base: 4598MB, range: 2MB, type UC
[    0.000000] reg 7, base: 4600MB, range: 8MB, type UC
[    0.000000] e820: update [mem 0xdb800000-0xffffffff] usable ==> reserved
[    0.000000] e820: last_pfn = 0xdb000 max_arch_pfn = 0x400000000
[    0.000000] found SMP MP-table at [mem 0x000fda10-0x000fda1f] mapped at [ffff8800000fda10]
[    0.000000] Scanning 1 areas for low memory corruption
[    0.000000] Base memory trampoline at [ffff880000097000] 97000 size 24576
[    0.000000] reserving inaccessible SNB gfx pages
[    0.000000] init_memory_mapping: [mem 0x00000000-0x000fffff]
[    0.000000]  [mem 0x00000000-0x000fffff] page 4k
[    0.000000] BRK [0x01fe1000, 0x01fe1fff] PGTABLE
[    0.000000] BRK [0x01fe2000, 0x01fe2fff] PGTABLE
[    0.000000] BRK [0x01fe3000, 0x01fe3fff] PGTABLE
[    0.000000] init_memory_mapping: [mem 0x11f400000-0x11f5fffff]
[    0.000000]  [mem 0x11f400000-0x11f5fffff] page 2M
[    0.000000] BRK [0x01fe4000, 0x01fe4fff] PGTABLE
[    0.000000] init_memory_mapping: [mem 0x11c000000-0x11f3fffff]
[    0.000000]  [mem 0x11c000000-0x11f3fffff] page 2M
[    0.000000] init_memory_mapping: [mem 0x100000000-0x11bffffff]
[    0.000000]  [mem 0x100000000-0x11bffffff] page 2M
[    0.000000] init_memory_mapping: [mem 0x00100000-0x1fffffff]
[    0.000000]  [mem 0x00100000-0x001fffff] page 4k
[    0.000000]  [mem 0x00200000-0x1fffffff] page 2M
[    0.000000] init_memory_mapping: [mem 0x20200000-0x3fffffff]
[    0.000000]  [mem 0x20200000-0x3fffffff] page 2M
[    0.000000] init_memory_mapping: [mem 0x40200000-0xd7dd7fff]
[    0.000000]  [mem 0x40200000-0xd7bfffff] page 2M
[    0.000000]  [mem 0xd7c00000-0xd7dd7fff] page 4k
[    0.000000] BRK [0x01fe5000, 0x01fe5fff] PGTABLE
[    0.000000] BRK [0x01fe6000, 0x01fe6fff] PGTABLE
[    0.000000] init_memory_mapping: [mem 0xda1fd000-0xda1fdfff]
[    0.000000]  [mem 0xda1fd000-0xda1fdfff] page 4k
[    0.000000] init_memory_mapping: [mem 0xda241000-0xda9d5fff]
[    0.000000]  [mem 0xda241000-0xda3fffff] page 4k
[    0.000000]  [mem 0xda400000-0xda7fffff] page 2M
[    0.000000]  [mem 0xda800000-0xda9d5fff] page 4k
[    0.000000] init_memory_mapping: [mem 0xdaff2000-0xdaffffff]
[    0.000000]  [mem 0xdaff2000-0xdaffffff] page 4k
[    0.000000] RAMDISK: [mem 0x35b5a000-0x36da4fff]
[    0.000000] ACPI: RSDP 00000000000f0490 000024 (v02   DELL)
[    0.000000] ACPI: XSDT 00000000d8831078 00006C (v01 DELL    WN09    01072009 AMI  00010013)
[    0.000000] ACPI: FACP 00000000d883b4c8 00010C (v05   DELL     WN09 01072009 AMI  00010013)
[    0.000000] ACPI: DSDT 00000000d8831170 00A352 (v02   DELL     WN09 00000022 INTL 20051117)
[    0.000000] ACPI: FACS 00000000d96c3080 000040
[    0.000000] ACPI: APIC 00000000d883b5d8 000072 (v03   DELL     WN09 01072009 AMI  00010013)
[    0.000000] ACPI: FPDT 00000000d883b650 000044 (v01   DELL     WN09 01072009 AMI  00010013)
[    0.000000] ACPI: MCFG 00000000d883b698 00003C (v01   DELL     WN09 01072009 MSFT 00000097)
[    0.000000] ACPI: SSDT 00000000d883b6d8 001068 (v01 TrmRef PtidDevc 00001000 INTL 20091112)
[    0.000000] ACPI: HPET 00000000d883c740 000038 (v01   DELL     WN09 01072009 AMI. 00000005)
[    0.000000] ACPI: SSDT 00000000d883c778 000315 (v01 SataRe SataTabl 00001000 INTL 20091112)
[    0.000000] ACPI: SSDT 00000000d883ca90 0009AA (v01  PmRef  Cpu0Ist 00003000 INTL 20051117)
[    0.000000] ACPI: SSDT 00000000d883d440 000A92 (v01  PmRef    CpuPm 00003000 INTL 20051117)
[    0.000000] ACPI: Local APIC address 0xfee00000
[    0.000000] No NUMA configuration found
[    0.000000] Faking a node at [mem 0x0000000000000000-0x000000011f5fffff]
[    0.000000] Initmem setup node 0 [mem 0x00000000-0x11f5fffff]
[    0.000000]   NODE_DATA [mem 0x11f5f5000-0x11f5f9fff]
[    0.000000]  [ffffea0000000000-ffffea00047fffff] PMD -> [ffff88011ac00000-ffff88011ebfffff] on node 0
[    0.000000] Zone ranges:
[    0.000000]   DMA      [mem 0x00001000-0x00ffffff]
[    0.000000]   DMA32    [mem 0x01000000-0xffffffff]
[    0.000000]   Normal   [mem 0x100000000-0x11f5fffff]
[    0.000000] Movable zone start for each node
[    0.000000] Early memory node ranges
[    0.000000]   node   0: [mem 0x00001000-0x0009cfff]
[    0.000000]   node   0: [mem 0x00100000-0x1fffffff]
[    0.000000]   node   0: [mem 0x20200000-0x3fffffff]
[    0.000000]   node   0: [mem 0x40200000-0xd7dd7fff]
[    0.000000]   node   0: [mem 0xda1fd000-0xda1fdfff]
[    0.000000]   node   0: [mem 0xda241000-0xda9d5fff]
[    0.000000]   node   0: [mem 0xdaff2000-0xdaffffff]
[    0.000000]   node   0: [mem 0x100000000-0x11f5fffff]
[    0.000000] On node 0 totalpages: 1013528
[    0.000000]   DMA zone: 64 pages used for memmap
[    0.000000]   DMA zone: 156 pages reserved
[    0.000000]   DMA zone: 3996 pages, LIFO batch:0
[    0.000000]   DMA32 zone: 13766 pages used for memmap
[    0.000000]   DMA32 zone: 881020 pages, LIFO batch:31
[    0.000000]   Normal zone: 2008 pages used for memmap
[    0.000000]   Normal zone: 128512 pages, LIFO batch:31
[    0.000000] ACPI: PM-Timer IO Port: 0x408
[    0.000000] ACPI: Local APIC address 0xfee00000
[    0.000000] ACPI: LAPIC (acpi_id[0x01] lapic_id[0x00] enabled)
[    0.000000] ACPI: LAPIC (acpi_id[0x02] lapic_id[0x02] enabled)
[    0.000000] ACPI: LAPIC (acpi_id[0x03] lapic_id[0x01] enabled)
[    0.000000] ACPI: LAPIC (acpi_id[0x04] lapic_id[0x03] enabled)
[    0.000000] ACPI: LAPIC_NMI (acpi_id[0xff] high edge lint[0x1])
[    0.000000] ACPI: IOAPIC (id[0x02] address[0xfec00000] gsi_base[0])
[    0.000000] IOAPIC[0]: apic_id 2, version 32, address 0xfec00000, GSI 0-23
[    0.000000] ACPI: INT_SRC_OVR (bus 0 bus_irq 0 global_irq 2 dfl dfl)
[    0.000000] ACPI: INT_SRC_OVR (bus 0 bus_irq 9 global_irq 9 high level)
[    0.000000] ACPI: IRQ0 used by override.
[    0.000000] ACPI: IRQ2 used by override.
[    0.000000] ACPI: IRQ9 used by override.
[    0.000000] Using ACPI (MADT) for SMP configuration information
[    0.000000] ACPI: HPET id: 0x8086a701 base: 0xfed00000
[    0.000000] smpboot: Allowing 4 CPUs, 0 hotplug CPUs
[    0.000000] nr_irqs_gsi: 40
[    0.000000] PM: Registered nosave memory: [mem 0x0009d000-0x0009dfff]
[    0.000000] PM: Registered nosave memory: [mem 0x0009e000-0x0009ffff]
[    0.000000] PM: Registered nosave memory: [mem 0x000a0000-0x000dffff]
[    0.000000] PM: Registered nosave memory: [mem 0x000e0000-0x000fffff]
[    0.000000] PM: Registered nosave memory: [mem 0x20000000-0x201fffff]
[    0.000000] PM: Registered nosave memory: [mem 0x40000000-0x401fffff]
[    0.000000] PM: Registered nosave memory: [mem 0xd7dd8000-0xd882cfff]
[    0.000000] PM: Registered nosave memory: [mem 0xd882d000-0xd883dfff]
[    0.000000] PM: Registered nosave memory: [mem 0xd883e000-0xd96c7fff]
[    0.000000] PM: Registered nosave memory: [mem 0xd96c8000-0xda1fcfff]
[    0.000000] PM: Registered nosave memory: [mem 0xda1fe000-0xda240fff]
[    0.000000] PM: Registered nosave memory: [mem 0xda9d6000-0xdaff1fff]
[    0.000000] PM: Registered nosave memory: [mem 0xdb000000-0xdb7fffff]
[    0.000000] PM: Registered nosave memory: [mem 0xdb800000-0xdf9fffff]
[    0.000000] PM: Registered nosave memory: [mem 0xdfa00000-0xf7ffffff]
[    0.000000] PM: Registered nosave memory: [mem 0xf8000000-0xfbffffff]
[    0.000000] PM: Registered nosave memory: [mem 0xfc000000-0xfebfffff]
[    0.000000] PM: Registered nosave memory: [mem 0xfec00000-0xfec00fff]
[    0.000000] PM: Registered nosave memory: [mem 0xfec01000-0xfecfffff]
[    0.000000] PM: Registered nosave memory: [mem 0xfed00000-0xfed03fff]
[    0.000000] PM: Registered nosave memory: [mem 0xfed04000-0xfed1bfff]
[    0.000000] PM: Registered nosave memory: [mem 0xfed1c000-0xfed1ffff]
[    0.000000] PM: Registered nosave memory: [mem 0xfed20000-0xfedfffff]
[    0.000000] PM: Registered nosave memory: [mem 0xfee00000-0xfee00fff]
[    0.000000] PM: Registered nosave memory: [mem 0xfee01000-0xfeffffff]
[    0.000000] PM: Registered nosave memory: [mem 0xff000000-0xffffffff]
[    0.000000] e820: [mem 0xdfa00000-0xf7ffffff] available for PCI devices
[    0.000000] Booting paravirtualized kernel on bare hardware
[    0.000000] setup_percpu: NR_CPUS:256 nr_cpumask_bits:256 nr_cpu_ids:4 nr_node_ids:1
[    0.000000] PERCPU: Embedded 28 pages/cpu @ffff88011f200000 s82304 r8192 d24192 u524288
[    0.000000] pcpu-alloc: s82304 r8192 d24192 u524288 alloc=1*2097152
[    0.000000] pcpu-alloc: [0] 0 1 2 3 
[    0.000000] Built 1 zonelists in Node order, mobility grouping on.  Total pages: 997534
[    0.000000] Policy zone: Normal
[    0.000000] Kernel command line: BOOT_IMAGE=/boot/vmlinuz-3.13.0-44-generic root=UUID=c4e5e613-0953-4051-9c5c-625c441ab19e ro quiet splash vt.handoff=7
[    0.000000] PID hash table entries: 4096 (order: 3, 32768 bytes)
[    0.000000] xsave: enabled xstate_bv 0x7, cntxt size 0x340
[    0.000000] Checking aperture...
[    0.000000] No AGP bridge found
[    0.000000] Calgary: detecting Calgary via BIOS EBDA area
[    0.000000] Calgary: Unable to locate Rio Grande table in EBDA - bailing!
[    0.000000] Memory: 3886140K/4054112K available (7383K kernel code, 1144K rwdata, 3408K rodata, 1336K init, 1444K bss, 167972K reserved)
[    0.000000] SLUB: HWalign=64, Order=0-3, MinObjects=0, CPUs=4, Nodes=1
[    0.000000] Hierarchical RCU implementation.
[    0.000000] 	RCU dyntick-idle grace-period acceleration is enabled.
[    0.000000] 	RCU restricting CPUs from NR_CPUS=256 to nr_cpu_ids=4.
[    0.000000] 	Offload RCU callbacks from all CPUs
[    0.000000] 	Offload RCU callbacks from CPUs: 0-3.
[    0.000000] NR_IRQS:16640 nr_irqs:712 16
[    0.000000] Console: colour dummy device 80x25
[    0.000000] console [tty0] enabled
[    0.000000] allocated 16777216 bytes of page_cgroup
[    0.000000] please try 'cgroup_disable=memory' option if you don't want memory cgroups
[    0.000000] hpet clockevent registered
[    0.000000] tsc: Fast TSC calibration using PIT
[    0.004000] tsc: Detected 2294.753 MHz processor
[    0.000002] Calibrating delay loop (skipped), value calculated using timer frequency.. 4589.50 BogoMIPS (lpj=9179012)
[    0.000005] pid_max: default: 32768 minimum: 301
[    0.000030] Security Framework initialized
[    0.000046] AppArmor: AppArmor initialized
[    0.000047] Yama: becoming mindful.
[    0.000372] Dentry cache hash table entries: 524288 (order: 10, 4194304 bytes)
[    0.001258] Inode-cache hash table entries: 262144 (order: 9, 2097152 bytes)
[    0.001628] Mount-cache hash table entries: 8192 (order: 4, 65536 bytes)
[    0.001635] Mountpoint-cache hash table entries: 8192 (order: 4, 65536 bytes)
[    0.001823] Initializing cgroup subsys memory
[    0.001828] Initializing cgroup subsys devices
[    0.001830] Initializing cgroup subsys freezer
[    0.001832] Initializing cgroup subsys blkio
[    0.001833] Initializing cgroup subsys perf_event
[    0.001835] Initializing cgroup subsys hugetlb
[    0.001857] CPU: Physical Processor ID: 0
[    0.001858] CPU: Processor Core ID: 0
[    0.001863] ENERGY_PERF_BIAS: Set to 'normal', was 'performance'
[    0.001863] ENERGY_PERF_BIAS: View and update with x86_energy_perf_policy(8)
[    0.001866] mce: CPU supports 7 MCE banks
[    0.001877] CPU0: Thermal monitoring enabled (TM1)
[    0.001886] Last level iTLB entries: 4KB 512, 2MB 0, 4MB 0
[    0.001886] Last level dTLB entries: 4KB 512, 2MB 32, 4MB 32
[    0.001886] tlb_flushall_shift: 5
[    0.002016] Freeing SMP alternatives memory: 32K (ffffffff81e6e000 - ffffffff81e76000)
[    0.003568] ACPI: Core revision 20131115
[    0.009299] ACPI: All ACPI Tables successfully acquired
[    0.015934] ftrace: allocating 28554 entries in 112 pages
[    0.031223] ..TIMER: vector=0x30 apic1=0 pin1=2 apic2=-1 pin2=-1
[    0.070888] smpboot: CPU0: Intel(R) Core(TM) i5-2410M CPU @ 2.30GHz (fam: 06, model: 2a, stepping: 07)
[    0.070896] TSC deadline timer enabled
[    0.070907] Performance Events: PEBS fmt1+, 16-deep LBR, SandyBridge events, full-width counters, Intel PMU driver.
[    0.070915] ... version:                3
[    0.070916] ... bit width:              48
[    0.070917] ... generic registers:      4
[    0.070918] ... value mask:             0000ffffffffffff
[    0.070919] ... max period:             0000ffffffffffff
[    0.070920] ... fixed-purpose events:   3
[    0.070921] ... event mask:             000000070000000f
[    0.072452] x86: Booting SMP configuration:
[    0.085544] NMI watchdog: enabled on all CPUs, permanently consumes one hw-PMU counter.
[    0.072454] .... node  #0, CPUs:      #1 #2 #3
[    0.112013] x86: Booted up 1 node, 4 CPUs
[    0.112017] smpboot: Total of 4 processors activated (18358.02 BogoMIPS)
[    0.115458] devtmpfs: initialized
[    0.119135] EVM: security.selinux
[    0.119137] EVM: security.SMACK64
[    0.119138] EVM: security.ima
[    0.119139] EVM: security.capability
[    0.119184] PM: Registering ACPI NVS region [mem 0xd883e000-0xd96c7fff] (15245312 bytes)
[    0.119401] PM: Registering ACPI NVS region [mem 0xda1fe000-0xda240fff] (274432 bytes)
[    0.120282] pinctrl core: initialized pinctrl subsystem
[    0.120336] regulator-dummy: no parameters
[    0.120367] RTC time:  3:26:03, date: 01/23/15
[    0.120399] NET: Registered protocol family 16
[    0.120498] cpuidle: using governor ladder
[    0.120500] cpuidle: using governor menu
[    0.120535] ACPI FADT declares the system doesn't support PCIe ASPM, so disable it
[    0.120537] ACPI: bus type PCI registered
[    0.120539] acpiphp: ACPI Hot Plug PCI Controller Driver version: 0.5
[    0.120588] PCI: MMCONFIG for domain 0000 [bus 00-3f] at [mem 0xf8000000-0xfbffffff] (base 0xf8000000)
[    0.120591] PCI: MMCONFIG at [mem 0xf8000000-0xfbffffff] reserved in E820
[    0.127935] PCI: Using configuration type 1 for base access
[    0.128814] bio: create slab <bio-0> at 0
[    0.128973] ACPI: Added _OSI(Module Device)
[    0.128975] ACPI: Added _OSI(Processor Device)
[    0.128977] ACPI: Added _OSI(3.0 _SCP Extensions)
[    0.128978] ACPI: Added _OSI(Processor Aggregator Device)
[    0.131750] ACPI: Executed 1 blocks of module-level executable AML code
[    0.135676] [Firmware Bug]: ACPI: BIOS _OSI(Linux) query ignored
[    0.140551] ACPI: SSDT 00000000d87da018 00080E (v01  PmRef  Cpu0Cst 00003001 INTL 20051117)
[    0.140890] ACPI: Dynamic OEM Table Load:
[    0.140893] ACPI: SSDT           (null) 00080E (v01  PmRef  Cpu0Cst 00003001 INTL 20051117)
[    0.144417] ACPI: SSDT 00000000d87dba98 000303 (v01  PmRef    ApIst 00003000 INTL 20051117)
[    0.144778] ACPI: Dynamic OEM Table Load:
[    0.144780] ACPI: SSDT           (null) 000303 (v01  PmRef    ApIst 00003000 INTL 20051117)
[    0.148274] ACPI: SSDT 00000000d87dcc18 000119 (v01  PmRef    ApCst 00003000 INTL 20051117)
[    0.148601] ACPI: Dynamic OEM Table Load:
[    0.148603] ACPI: SSDT           (null) 000119 (v01  PmRef    ApCst 00003000 INTL 20051117)
[    0.152706] ACPI: Interpreter enabled
[    0.152712] ACPI Exception: AE_NOT_FOUND, While evaluating Sleep State [\_S1_] (20131115/hwxface-580)
[    0.152717] ACPI Exception: AE_NOT_FOUND, While evaluating Sleep State [\_S2_] (20131115/hwxface-580)
[    0.152731] ACPI: (supports S0 S3 S4 S5)
[    0.152733] ACPI: Using IOAPIC for interrupt routing
[    0.152759] PCI: Using host bridge windows from ACPI; if necessary, use "pci=nocrs" and report a bug
[    0.152902] ACPI: No dock devices found.
[    0.163675] ACPI: PCI Root Bridge [PCI0] (domain 0000 [bus 00-3e])
[    0.163681] acpi PNP0A08:00: _OSC: OS supports [ExtendedConfig ASPM ClockPM Segments MSI]
[    0.163861] acpi PNP0A08:00: _OSC: platform does not support [PME]
[    0.164006] acpi PNP0A08:00: _OSC: OS now controls [PCIeHotplug AER PCIeCapability]
[    0.164607] PCI host bridge to bus 0000:00
[    0.164610] pci_bus 0000:00: root bus resource [bus 00-3e]
[    0.164612] pci_bus 0000:00: root bus resource [io  0x0000-0x0cf7]
[    0.164614] pci_bus 0000:00: root bus resource [io  0x0d00-0xffff]
[    0.164616] pci_bus 0000:00: root bus resource [mem 0x000a0000-0x000bffff]
[    0.164617] pci_bus 0000:00: root bus resource [mem 0x000d0000-0x000d3fff]
[    0.164619] pci_bus 0000:00: root bus resource [mem 0x000d4000-0x000d7fff]
[    0.164621] pci_bus 0000:00: root bus resource [mem 0x000d8000-0x000dbfff]
[    0.164622] pci_bus 0000:00: root bus resource [mem 0x000dc000-0x000dffff]
[    0.164624] pci_bus 0000:00: root bus resource [mem 0x000e0000-0x000e3fff]
[    0.164626] pci_bus 0000:00: root bus resource [mem 0x000e4000-0x000e7fff]
[    0.164627] pci_bus 0000:00: root bus resource [mem 0xdfa00000-0xfeafffff]
[    0.164635] pci 0000:00:00.0: [8086:0104] type 00 class 0x060000
[    0.164724] pci 0000:00:02.0: [8086:0116] type 00 class 0x030000
[    0.164735] pci 0000:00:02.0: reg 0x10: [mem 0xf7800000-0xf7bfffff 64bit]
[    0.164742] pci 0000:00:02.0: reg 0x18: [mem 0xe0000000-0xefffffff 64bit pref]
[    0.164746] pci 0000:00:02.0: reg 0x20: [io  0xf000-0xf03f]
[    0.164851] pci 0000:00:16.0: [8086:1e3a] type 00 class 0x078000
[    0.164875] pci 0000:00:16.0: reg 0x10: [mem 0xf7d0a000-0xf7d0a00f 64bit]
[    0.164952] pci 0000:00:16.0: PME# supported from D0 D3hot D3cold
[    0.165039] pci 0000:00:1a.0: [8086:1e2d] type 00 class 0x0c0320
[    0.165060] pci 0000:00:1a.0: reg 0x10: [mem 0xf7d08000-0xf7d083ff]
[    0.165151] pci 0000:00:1a.0: PME# supported from D0 D3hot D3cold
[    0.165206] pci 0000:00:1a.0: System wakeup disabled by ACPI
[    0.165238] pci 0000:00:1b.0: [8086:1e20] type 00 class 0x040300
[    0.165253] pci 0000:00:1b.0: reg 0x10: [mem 0xf7d00000-0xf7d03fff 64bit]
[    0.165321] pci 0000:00:1b.0: PME# supported from D0 D3hot D3cold
[    0.165372] pci 0000:00:1b.0: System wakeup disabled by ACPI
[    0.165404] pci 0000:00:1c.0: [8086:1e10] type 01 class 0x060400
[    0.165534] pci 0000:00:1c.0: PME# supported from D0 D3hot D3cold
[    0.165595] pci 0000:00:1c.0: System wakeup disabled by ACPI
[    0.165630] pci 0000:00:1c.3: [8086:1e16] type 01 class 0x060400
[    0.165757] pci 0000:00:1c.3: PME# supported from D0 D3hot D3cold
[    0.165819] pci 0000:00:1c.3: System wakeup disabled by ACPI
[    0.165847] pci 0000:00:1c.5: [8086:1e1a] type 01 class 0x060400
[    0.165925] pci 0000:00:1c.5: PME# supported from D0 D3hot D3cold
[    0.165977] pci 0000:00:1c.5: System wakeup disabled by ACPI
[    0.166011] pci 0000:00:1d.0: [8086:1e26] type 00 class 0x0c0320
[    0.166032] pci 0000:00:1d.0: reg 0x10: [mem 0xf7d07000-0xf7d073ff]
[    0.166122] pci 0000:00:1d.0: PME# supported from D0 D3hot D3cold
[    0.166176] pci 0000:00:1d.0: System wakeup disabled by ACPI
[    0.166207] pci 0000:00:1f.0: [8086:1e5d] type 00 class 0x060100
[    0.166379] pci 0000:00:1f.2: [8086:1e03] type 00 class 0x010601
[    0.166398] pci 0000:00:1f.2: reg 0x10: [io  0xf0b0-0xf0b7]
[    0.166405] pci 0000:00:1f.2: reg 0x14: [io  0xf0a0-0xf0a3]
[    0.166413] pci 0000:00:1f.2: reg 0x18: [io  0xf090-0xf097]
[    0.166421] pci 0000:00:1f.2: reg 0x1c: [io  0xf080-0xf083]
[    0.166428] pci 0000:00:1f.2: reg 0x20: [io  0xf060-0xf07f]
[    0.166436] pci 0000:00:1f.2: reg 0x24: [mem 0xf7d06000-0xf7d067ff]
[    0.166481] pci 0000:00:1f.2: PME# supported from D3hot
[    0.166550] pci 0000:00:1f.3: [8086:1e22] type 00 class 0x0c0500
[    0.166565] pci 0000:00:1f.3: reg 0x10: [mem 0xf7d05000-0xf7d050ff 64bit]
[    0.166586] pci 0000:00:1f.3: reg 0x20: [io  0xf040-0xf05f]
[    0.166745] pci 0000:00:1c.0: PCI bridge to [bus 04]
[    0.166887] pci 0000:07:00.0: [14e4:4365] type 00 class 0x028000
[    0.166916] pci 0000:07:00.0: reg 0x10: [mem 0xf7c00000-0xf7c07fff 64bit]
[    0.167065] pci 0000:07:00.0: supports D1 D2
[    0.167067] pci 0000:07:00.0: PME# supported from D0 D3hot D3cold
[    0.167104] pci 0000:07:00.0: System wakeup disabled by ACPI
[    0.175729] pci 0000:00:1c.3: PCI bridge to [bus 07]
[    0.175742] pci 0000:00:1c.3:   bridge window [mem 0xf7c00000-0xf7cfffff]
[    0.175866] pci 0000:09:00.0: [10ec:8168] type 00 class 0x020000
[    0.175886] pci 0000:09:00.0: reg 0x10: [io  0xe000-0xe0ff]
[    0.175921] pci 0000:09:00.0: reg 0x18: [mem 0xf0004000-0xf0004fff 64bit pref]
[    0.175942] pci 0000:09:00.0: reg 0x20: [mem 0xf0000000-0xf0003fff 64bit pref]
[    0.176035] pci 0000:09:00.0: supports D1 D2
[    0.176036] pci 0000:09:00.0: PME# supported from D0 D1 D2 D3hot D3cold
[    0.176075] pci 0000:09:00.0: System wakeup disabled by ACPI
[    0.183707] pci 0000:00:1c.5: PCI bridge to [bus 09]
[    0.183716] pci 0000:00:1c.5:   bridge window [io  0xe000-0xefff]
[    0.183731] pci 0000:00:1c.5:   bridge window [mem 0xf0000000-0xf00fffff 64bit pref]
[    0.183788] acpi PNP0A08:00: Disabling ASPM (FADT indicates it is unsupported)
[    0.184174] ACPI: PCI Interrupt Link [LNKA] (IRQs 3 4 5 6 10 *11 12 14 15)
[    0.184225] ACPI: PCI Interrupt Link [LNKB] (IRQs *3 4 5 6 10 11 12 14 15)
[    0.184276] ACPI: PCI Interrupt Link [LNKC] (IRQs 3 4 5 6 10 *11 12 14 15)
[    0.184323] ACPI: PCI Interrupt Link [LNKD] (IRQs 3 4 5 6 *10 11 12 14 15)
[    0.184370] ACPI: PCI Interrupt Link [LNKE] (IRQs 3 4 5 6 10 11 12 14 15) *0, disabled.
[    0.184418] ACPI: PCI Interrupt Link [LNKF] (IRQs 3 4 5 6 10 11 12 14 15) *0, disabled.
[    0.184465] ACPI: PCI Interrupt Link [LNKG] (IRQs 3 4 *5 6 10 11 12 14 15)
[    0.184512] ACPI: PCI Interrupt Link [LNKH] (IRQs 3 *4 5 6 10 11 12 14 15)
[    0.184772] ACPI: Enabled 4 GPEs in block 00 to 3F
[    0.184779] ACPI: \_SB_.PCI0: notify handler is installed
[    0.184830] Found 1 acpi root devices
[    0.184927] vgaarb: setting as boot device: PCI:0000:00:02.0
[    0.184929] vgaarb: device added: PCI:0000:00:02.0,decodes=io+mem,owns=io+mem,locks=none
[    0.184931] vgaarb: loaded
[    0.184933] vgaarb: bridge control possible 0000:00:02.0
[    0.185082] SCSI subsystem initialized
[    0.185139] libata version 3.00 loaded.
[    0.185172] ACPI: bus type USB registered
[    0.185187] usbcore: registered new interface driver usbfs
[    0.185195] usbcore: registered new interface driver hub
[    0.185223] usbcore: registered new device driver usb
[    0.185324] PCI: Using ACPI for IRQ routing
[    0.186908] PCI: pci_cache_line_size set to 64 bytes
[    0.186948] e820: reserve RAM buffer [mem 0x0009d400-0x0009ffff]
[    0.186950] e820: reserve RAM buffer [mem 0xd7dd8000-0xd7ffffff]
[    0.186952] e820: reserve RAM buffer [mem 0xda1fe000-0xdbffffff]
[    0.186954] e820: reserve RAM buffer [mem 0xda9d6000-0xdbffffff]
[    0.186955] e820: reserve RAM buffer [mem 0xdb000000-0xdbffffff]
[    0.186957] e820: reserve RAM buffer [mem 0x11f600000-0x11fffffff]
[    0.187037] NetLabel: Initializing
[    0.187039] NetLabel:  domain hash size = 128
[    0.187039] NetLabel:  protocols = UNLABELED CIPSOv4
[    0.187053] NetLabel:  unlabeled traffic allowed by default
[    0.187110] hpet0: at MMIO 0xfed00000, IRQs 2, 8, 0, 0, 0, 0, 0, 0
[    0.187116] hpet0: 8 comparators, 64-bit 14.318180 MHz counter
[    0.189146] Switched to clocksource hpet
[    0.193456] AppArmor: AppArmor Filesystem Enabled
[    0.193482] pnp: PnP ACPI init
[    0.193495] ACPI: bus type PNP registered
[    0.193531] pnp 00:00: [dma 4]
[    0.193556] pnp 00:00: Plug and Play ACPI device, IDs PNP0200 (active)
[    0.193576] pnp 00:01: Plug and Play ACPI device, IDs INT0800 (active)
[    0.193677] pnp 00:02: Plug and Play ACPI device, IDs PNP0103 (active)
[    0.193724] system 00:03: [io  0x0680-0x069f] has been reserved
[    0.193726] system 00:03: [io  0x1000-0x100f] has been reserved
[    0.193728] system 00:03: [io  0xffff] has been reserved
[    0.193730] system 00:03: [io  0xffff] has been reserved
[    0.193732] system 00:03: [io  0x0400-0x0453] could not be reserved
[    0.193734] system 00:03: [io  0x0458-0x047f] has been reserved
[    0.193736] system 00:03: [io  0x0500-0x057f] has been reserved
[    0.193738] system 00:03: [io  0x164e-0x164f] has been reserved
[    0.193741] system 00:03: Plug and Play ACPI device, IDs PNP0c02 (active)
[    0.193767] pnp 00:04: Plug and Play ACPI device, IDs PNP0b00 (active)
[    0.193810] system 00:05: [io  0x0454-0x0457] has been reserved
[    0.193812] system 00:05: Plug and Play ACPI device, IDs INT3f0d PNP0c02 (active)
[    0.193833] pnp 00:06: Plug and Play ACPI device, IDs PNP0c04 (active)
[    0.193869] system 00:07: [io  0x04d0-0x04d1] has been reserved
[    0.193872] system 00:07: [mem 0xfe800000-0xfe802fff] has been reserved
[    0.193874] system 00:07: Plug and Play ACPI device, IDs PNP0c02 (active)
[    0.193900] pnp 00:08: Plug and Play ACPI device, IDs DLL0558 SYN0600 SYN0002 PNP0f13 (active)
[    0.193938] pnp 00:09: Plug and Play ACPI device, IDs PNP0303 (active)
[    0.194129] system 00:0a: [mem 0xfed1c000-0xfed1ffff] has been reserved
[    0.194131] system 00:0a: [mem 0xfed10000-0xfed17fff] has been reserved
[    0.194133] system 00:0a: [mem 0xfed18000-0xfed18fff] has been reserved
[    0.194135] system 00:0a: [mem 0xfed19000-0xfed19fff] has been reserved
[    0.194137] system 00:0a: [mem 0xf8000000-0xfbffffff] has been reserved
[    0.194139] system 00:0a: [mem 0xfed20000-0xfed3ffff] has been reserved
[    0.194141] system 00:0a: [mem 0xfed90000-0xfed93fff] has been reserved
[    0.194143] system 00:0a: [mem 0xfed45000-0xfed8ffff] has been reserved
[    0.194145] system 00:0a: [mem 0xff000000-0xffffffff] has been reserved
[    0.194147] system 00:0a: [mem 0xfee00000-0xfeefffff] could not be reserved
[    0.194149] system 00:0a: [mem 0xdfa00000-0xdfa00fff] has been reserved
[    0.194152] system 00:0a: Plug and Play ACPI device, IDs PNP0c02 (active)
[    0.194307] system 00:0b: [mem 0x20000000-0x201fffff] has been reserved
[    0.194309] system 00:0b: [mem 0x40000000-0x401fffff] has been reserved
[    0.194312] system 00:0b: Plug and Play ACPI device, IDs PNP0c01 (active)
[    0.194350] pnp: PnP ACPI: found 12 devices
[    0.194352] ACPI: bus type PNP unregistered
[    0.200645] pci 0000:00:1c.0: PCI bridge to [bus 04]
[    0.200658] pci 0000:00:1c.3: PCI bridge to [bus 07]
[    0.200663] pci 0000:00:1c.3:   bridge window [mem 0xf7c00000-0xf7cfffff]
[    0.200671] pci 0000:00:1c.5: PCI bridge to [bus 09]
[    0.200673] pci 0000:00:1c.5:   bridge window [io  0xe000-0xefff]
[    0.200681] pci 0000:00:1c.5:   bridge window [mem 0xf0000000-0xf00fffff 64bit pref]
[    0.200687] pci_bus 0000:00: resource 4 [io  0x0000-0x0cf7]
[    0.200689] pci_bus 0000:00: resource 5 [io  0x0d00-0xffff]
[    0.200691] pci_bus 0000:00: resource 6 [mem 0x000a0000-0x000bffff]
[    0.200693] pci_bus 0000:00: resource 7 [mem 0x000d0000-0x000d3fff]
[    0.200695] pci_bus 0000:00: resource 8 [mem 0x000d4000-0x000d7fff]
[    0.200696] pci_bus 0000:00: resource 9 [mem 0x000d8000-0x000dbfff]
[    0.200698] pci_bus 0000:00: resource 10 [mem 0x000dc000-0x000dffff]
[    0.200700] pci_bus 0000:00: resource 11 [mem 0x000e0000-0x000e3fff]
[    0.200701] pci_bus 0000:00: resource 12 [mem 0x000e4000-0x000e7fff]
[    0.200703] pci_bus 0000:00: resource 13 [mem 0xdfa00000-0xfeafffff]
[    0.200705] pci_bus 0000:07: resource 1 [mem 0xf7c00000-0xf7cfffff]
[    0.200707] pci_bus 0000:09: resource 0 [io  0xe000-0xefff]
[    0.200709] pci_bus 0000:09: resource 2 [mem 0xf0000000-0xf00fffff 64bit pref]
[    0.200737] NET: Registered protocol family 2
[    0.200924] TCP established hash table entries: 32768 (order: 6, 262144 bytes)
[    0.201008] TCP bind hash table entries: 32768 (order: 7, 524288 bytes)
[    0.201080] TCP: Hash tables configured (established 32768 bind 32768)
[    0.201099] TCP: reno registered
[    0.201106] UDP hash table entries: 2048 (order: 4, 65536 bytes)
[    0.201126] UDP-Lite hash table entries: 2048 (order: 4, 65536 bytes)
[    0.201186] NET: Registered protocol family 1
[    0.201197] pci 0000:00:02.0: Video device with shadowed ROM
[    0.241296] PCI: CLS 64 bytes, default 64
[    0.241347] Trying to unpack rootfs image as initramfs...
[    0.551323] Freeing initrd memory: 18732K (ffff880035b5a000 - ffff880036da5000)
[    0.551329] PCI-DMA: Using software bounce buffering for IO (SWIOTLB)
[    0.551332] software IO TLB [mem 0xd3dd8000-0xd7dd8000] (64MB) mapped at [ffff8800d3dd8000-ffff8800d7dd7fff]
[    0.551558] microcode: CPU0 sig=0x206a7, pf=0x10, revision=0x28
[    0.551563] microcode: CPU1 sig=0x206a7, pf=0x10, revision=0x28
[    0.551568] microcode: CPU2 sig=0x206a7, pf=0x10, revision=0x28
[    0.551573] microcode: CPU3 sig=0x206a7, pf=0x10, revision=0x28
[    0.551631] microcode: Microcode Update Driver: v2.00 <tigran@aivazian.fsnet.co.uk>, Peter Oruba
[    0.551633] Scanning for low memory corruption every 60 seconds
[    0.551865] Initialise system trusted keyring
[    0.551912] audit: initializing netlink socket (disabled)
[    0.551922] type=2000 audit(1421983563.548:1): initialized
[    0.578874] HugeTLB registered 2 MB page size, pre-allocated 0 pages
[    0.579824] zbud: loaded
[    0.579961] VFS: Disk quotas dquot_6.5.2
[    0.579996] Dquot-cache hash table entries: 512 (order 0, 4096 bytes)
[    0.580370] fuse init (API version 7.22)
[    0.580433] msgmni has been set to 7626
[    0.580478] Key type big_key registered
[    0.580857] Key type asymmetric registered
[    0.580859] Asymmetric key parser 'x509' registered
[    0.580884] Block layer SCSI generic (bsg) driver version 0.4 loaded (major 252)
[    0.580918] io scheduler noop registered
[    0.580919] io scheduler deadline registered (default)
[    0.580940] io scheduler cfq registered
[    0.581373] pci_hotplug: PCI Hot Plug PCI Core version: 0.5
[    0.581385] pciehp: PCI Express Hot Plug Controller Driver version: 0.4
[    0.581417] vesafb: mode is 1366x768x32, linelength=5504, pages=0
[    0.581418] vesafb: scrolling: redraw
[    0.581420] vesafb: Truecolor: size=8:8:8:8, shift=24:16:8:0
[    0.581936] vesafb: framebuffer at 0xe0000000, mapped to 0xffffc90004780000, using 4160k, total 4160k
[    0.658426] Console: switching to colour frame buffer device 170x48
[    0.734641] fb0: VESA VGA frame buffer device
[    0.734655] intel_idle: MWAIT substates: 0x21120
[    0.734656] intel_idle: v0.4 model 0x2A
[    0.734657] intel_idle: lapic_timer_reliable_states 0xffffffff
[    0.734752] ipmi message handler version 39.2
[    0.734796] ACPI: Deprecated procfs I/F for AC is loaded, please retry with CONFIG_ACPI_PROCFS_POWER cleared
[    0.734838] ACPI: AC Adapter [AC] (off-line)
[    0.734940] input: Lid Switch as /devices/LNXSYSTM:00/device:00/PNP0C0D:00/input/input0
[    0.736475] ACPI: Lid Switch [LID0]
[    0.736505] input: Power Button as /devices/LNXSYSTM:00/device:00/PNP0C0C:00/input/input1
[    0.736508] ACPI: Power Button [PWRB]
[    0.736534] input: Sleep Button as /devices/LNXSYSTM:00/device:00/PNP0C0E:00/input/input2
[    0.736536] ACPI: Sleep Button [SBTN]
[    0.736562] input: Power Button as /devices/LNXSYSTM:00/LNXPWRBN:00/input/input3
[    0.736564] ACPI: Power Button [PWRF]
[    0.749024] thermal LNXTHERM:00: registered as thermal_zone0
[    0.749027] ACPI: Thermal Zone [THM] (47 C)
[    0.749047] GHES: HEST is not enabled!
[    0.749150] Serial: 8250/16550 driver, 32 ports, IRQ sharing enabled
[    0.757024] Linux agpgart interface v0.103
[    0.758201] brd: module loaded
[    0.758810] loop: module loaded
[    0.759108] libphy: Fixed MDIO Bus: probed
[    0.759180] tun: Universal TUN/TAP device driver, 1.6
[    0.759181] tun: (C) 1999-2004 Max Krasnyansky <maxk@qualcomm.com>
[    0.759222] PPP generic driver version 2.4.2
[    0.759257] ehci_hcd: USB 2.0 'Enhanced' Host Controller (EHCI) Driver
[    0.759261] ehci-pci: EHCI PCI platform driver
[    0.759381] ehci-pci 0000:00:1a.0: EHCI Host Controller
[    0.759387] ehci-pci 0000:00:1a.0: new USB bus registered, assigned bus number 1
[    0.759399] ehci-pci 0000:00:1a.0: debug port 2
[    0.763308] ehci-pci 0000:00:1a.0: cache line size of 64 is not supported
[    0.763334] ehci-pci 0000:00:1a.0: irq 16, io mem 0xf7d08000
[    0.772859] ehci-pci 0000:00:1a.0: USB 2.0 started, EHCI 1.00
[    0.772905] usb usb1: New USB device found, idVendor=1d6b, idProduct=0002
[    0.772907] usb usb1: New USB device strings: Mfr=3, Product=2, SerialNumber=1
[    0.772909] usb usb1: Product: EHCI Host Controller
[    0.772911] usb usb1: Manufacturer: Linux 3.13.0-44-generic ehci_hcd
[    0.772912] usb usb1: SerialNumber: 0000:00:1a.0
[    0.773508] hub 1-0:1.0: USB hub found
[    0.773516] hub 1-0:1.0: 2 ports detected
[    0.773816] ehci-pci 0000:00:1d.0: EHCI Host Controller
[    0.773822] ehci-pci 0000:00:1d.0: new USB bus registered, assigned bus number 2
[    0.773834] ehci-pci 0000:00:1d.0: debug port 2
[    0.777735] ehci-pci 0000:00:1d.0: cache line size of 64 is not supported
[    0.777748] ehci-pci 0000:00:1d.0: irq 23, io mem 0xf7d07000
[    0.781265] ACPI: Deprecated procfs I/F for battery is loaded, please retry with CONFIG_ACPI_PROCFS_POWER cleared
[    0.781271] ACPI: Battery Slot [BAT0] (battery present)
[    0.788934] ehci-pci 0000:00:1d.0: USB 2.0 started, EHCI 1.00
[    0.789043] usb usb2: New USB device found, idVendor=1d6b, idProduct=0002
[    0.789046] usb usb2: New USB device strings: Mfr=3, Product=2, SerialNumber=1
[    0.789048] usb usb2: Product: EHCI Host Controller
[    0.789050] usb usb2: Manufacturer: Linux 3.13.0-44-generic ehci_hcd
[    0.789051] usb usb2: SerialNumber: 0000:00:1d.0
[    0.789259] hub 2-0:1.0: USB hub found
[    0.789267] hub 2-0:1.0: 2 ports detected
[    0.789362] ehci-platform: EHCI generic platform driver
[    0.789373] ohci_hcd: USB 1.1 'Open' Host Controller (OHCI) Driver
[    0.789375] ohci-pci: OHCI PCI platform driver
[    0.789385] ohci-platform: OHCI generic platform driver
[    0.789390] uhci_hcd: USB Universal Host Controller Interface driver
[    0.789446] i8042: PNP: PS/2 Controller [PNP0303:PS2K,PNP0f13:PS2M] at 0x60,0x64 irq 1,12
[    0.792596] serio: i8042 KBD port at 0x60,0x64 irq 1
[    0.792602] serio: i8042 AUX port at 0x60,0x64 irq 12
[    0.792770] mousedev: PS/2 mouse device common for all mice
[    0.793278] rtc_cmos 00:04: RTC can wake from S4
[    0.793434] rtc_cmos 00:04: rtc core: registered rtc_cmos as rtc0
[    0.793461] rtc_cmos 00:04: alarms up to one month, y3k, 242 bytes nvram, hpet irqs
[    0.793522] device-mapper: uevent: version 1.0.3
[    0.793589] device-mapper: ioctl: 4.27.0-ioctl (2013-10-30) initialised: dm-devel@redhat.com
[    0.793595] ledtrig-cpu: registered to indicate activity on CPUs
[    0.793689] TCP: cubic registered
[    0.793761] NET: Registered protocol family 10
[    0.793902] NET: Registered protocol family 17
[    0.793912] Key type dns_resolver registered
[    0.794174] Loading compiled-in X.509 certificates
[    0.795135] Loaded X.509 cert 'Magrathea: Glacier signing key: 508c3b4bf108ed36b6062f812782f77c37b98537'
[    0.795146] registered taskstats version 1
[    0.797398] Key type trusted registered
[    0.799044] Key type encrypted registered
[    0.800594] AppArmor: AppArmor sha1 policy hashing enabled
[    0.800597] IMA: No TPM chip found, activating TPM-bypass!
[    0.800866] regulator-dummy: disabling
[    0.800913]   Magic number: 15:386:412
[    0.801004] rtc_cmos 00:04: setting system clock to 2015-01-23 03:26:03 UTC (1421983563)
[    0.801558] BIOS EDD facility v0.16 2004-Jun-25, 0 devices found
[    0.801559] EDD information not available.
[    0.801607] PM: Hibernation image not present or could not be loaded.
[    0.802817] Freeing unused kernel memory: 1336K (ffffffff81d20000 - ffffffff81e6e000)
[    0.802819] Write protecting the kernel read-only data: 12288k
[    0.804575] Freeing unused kernel memory: 796K (ffff880001739000 - ffff880001800000)
[    0.806016] Freeing unused kernel memory: 688K (ffff880001b54000 - ffff880001c00000)
[    0.815815] systemd-udevd[115]: starting version 204
[    0.816609] input: AT Translated Set 2 keyboard as /devices/platform/i8042/serio0/input/input4
[    0.837692] r8169 Gigabit Ethernet driver 2.3LK-NAPI loaded
[    0.837704] r8169 0000:09:00.0: can't disable ASPM; OS doesn't have ASPM control
[    0.837955] ahci 0000:00:1f.2: version 3.0
[    0.837976] r8169 0000:09:00.0: irq 40 for MSI/MSI-X
[    0.838094] ahci 0000:00:1f.2: irq 41 for MSI/MSI-X
[    0.838170] r8169 0000:09:00.0 eth0: RTL8168evl/8111evl at 0xffffc90000640000, e0:db:55:ca:59:c9, XID 0c900800 IRQ 40
[    0.838173] r8169 0000:09:00.0 eth0: jumbo features [frames: 9200 bytes, tx checksumming: ko]
[    0.852836] ahci 0000:00:1f.2: AHCI 0001.0300 32 slots 6 ports 6 Gbps 0x11 impl SATA mode
[    0.852841] ahci 0000:00:1f.2: flags: 64bit ncq pm led clo pio slum part ems apst 
[    0.861463] scsi0 : ahci
[    0.861541] scsi1 : ahci
[    0.861595] scsi2 : ahci
[    0.861646] scsi3 : ahci
[    0.861697] scsi4 : ahci
[    0.861745] scsi5 : ahci
[    0.861775] ata1: SATA max UDMA/133 abar m2048@0xf7d06000 port 0xf7d06100 irq 41
[    0.861777] ata2: DUMMY
[    0.861777] ata3: DUMMY
[    0.861778] ata4: DUMMY
[    0.861780] ata5: SATA max UDMA/133 abar m2048@0xf7d06000 port 0xf7d06300 irq 41
[    0.861781] ata6: DUMMY
[    1.084718] usb 1-1: new high-speed USB device number 2 using ehci-pci
[    1.180663] ata5: SATA link up 1.5 Gbps (SStatus 113 SControl 300)
[    1.180684] ata1: SATA link up 6.0 Gbps (SStatus 133 SControl 300)
[    1.183403] ata5.00: ATAPI: HL-DT-ST DVD+/-RW GTA0N, A100, max UDMA/100
[    1.185607] ata5.00: configured for UDMA/100
[    1.186774] ata1.00: ACPI cmd ef/10:06:00:00:00:00 (SET FEATURES) succeeded
[    1.186777] ata1.00: ACPI cmd f5/00:00:00:00:00:00 (SECURITY FREEZE LOCK) filtered out
[    1.186779] ata1.00: ACPI cmd b1/c1:00:00:00:00:00 (DEVICE CONFIGURATION OVERLAY) filtered out
[    1.192749] ata1.00: ATA-8: ST500LM012 HN-M500MBB, 2BA30001, max UDMA/133
[    1.192752] ata1.00: 976773168 sectors, multi 16: LBA48 NCQ (depth 31/32), AA
[    1.198864] ata1.00: ACPI cmd ef/10:06:00:00:00:00 (SET FEATURES) succeeded
[    1.198868] ata1.00: ACPI cmd f5/00:00:00:00:00:00 (SECURITY FREEZE LOCK) filtered out
[    1.198870] ata1.00: ACPI cmd b1/c1:00:00:00:00:00 (DEVICE CONFIGURATION OVERLAY) filtered out
[    1.204834] ata1.00: configured for UDMA/133
[    1.204946] scsi 0:0:0:0: Direct-Access     ATA      ST500LM012 HN-M5 2BA3 PQ: 0 ANSI: 5
[    1.205086] sd 0:0:0:0: Attached scsi generic sg0 type 0
[    1.205092] sd 0:0:0:0: [sda] 976773168 512-byte logical blocks: (500 GB/465 GiB)
[    1.205173] sd 0:0:0:0: [sda] Write Protect is off
[    1.205176] sd 0:0:0:0: [sda] Mode Sense: 00 3a 00 00
[    1.205215] sd 0:0:0:0: [sda] Write cache: enabled, read cache: enabled, doesn't support DPO or FUA
[    1.206832] scsi 4:0:0:0: CD-ROM            HL-DT-ST DVD+-RW GTA0N    A100 PQ: 0 ANSI: 5
[    1.208473] sr0: scsi3-mmc drive: 24x/24x writer dvd-ram cd/rw xa/form2 cdda tray
[    1.208475] cdrom: Uniform CD-ROM driver Revision: 3.20
[    1.208572] sr 4:0:0:0: Attached scsi CD-ROM sr0
[    1.208658] sr 4:0:0:0: Attached scsi generic sg1 type 5
[    1.217047] usb 1-1: New USB device found, idVendor=8087, idProduct=0024
[    1.217050] usb 1-1: New USB device strings: Mfr=0, Product=0, SerialNumber=0
[    1.217328] hub 1-1:1.0: USB hub found
[    1.217422] hub 1-1:1.0: 6 ports detected
[    1.299719]  sda: sda1 sda2 sda3 sda4 < sda5 sda6 >
[    1.300508] sd 0:0:0:0: [sda] Attached SCSI disk
[    1.328639] usb 2-1: new high-speed USB device number 2 using ehci-pci
[    1.461089] usb 2-1: New USB device found, idVendor=8087, idProduct=0024
[    1.461100] usb 2-1: New USB device strings: Mfr=0, Product=0, SerialNumber=0
[    1.461493] hub 2-1:1.0: USB hub found
[    1.461738] hub 2-1:1.0: 6 ports detected
[    1.532776] usb 1-1.4: new full-speed USB device number 3 using ehci-pci
[    1.548550] tsc: Refined TSC clocksource calibration: 2294.786 MHz
[    1.627192] usb 1-1.4: New USB device found, idVendor=0a5c, idProduct=21d7
[    1.627203] usb 1-1.4: New USB device strings: Mfr=1, Product=2, SerialNumber=3
[    1.627208] usb 1-1.4: Product: BCM43142A0
[    1.627213] usb 1-1.4: Manufacturer: Broadcom Corp
[    1.627217] usb 1-1.4: SerialNumber: 342387DE5DC0
[    1.696570] usb 1-1.5: new high-speed USB device number 4 using ehci-pci
[    1.775087] input: ALPS PS/2 Device as /devices/platform/i8042/serio1/input/input7
[    1.788806] input: AlpsPS/2 ALPS GlidePoint as /devices/platform/i8042/serio1/input/input6
[    1.864120] usb 1-1.5: New USB device found, idVendor=0c45, idProduct=6473
[    1.864131] usb 1-1.5: New USB device strings: Mfr=2, Product=1, SerialNumber=0
[    1.864137] usb 1-1.5: Product: Laptop_Integrated_Webcam_HD
[    1.864142] usb 1-1.5: Manufacturer: CN0PV1667248743AA39ZA02
[    1.940501] usb 2-1.6: new high-speed USB device number 3 using ehci-pci
[    2.069379] EXT4-fs (sda5): mounted filesystem with ordered data mode. Opts: (null)
[    2.290369] usb 2-1.6: New USB device found, idVendor=0bda, idProduct=0138
[    2.290381] usb 2-1.6: New USB device strings: Mfr=1, Product=2, SerialNumber=3
[    2.290387] usb 2-1.6: Product: USB2.0-CRW
[    2.290392] usb 2-1.6: Manufacturer: Generic
[    2.290396] usb 2-1.6: SerialNumber: 20090516388200000
[    2.548286] Switched to clocksource tsc
[    2.598899] random: nonblocking pool is initialized
[    3.313247] init: plymouth-upstart-bridge main process (184) terminated with status 1
[    3.313258] init: plymouth-upstart-bridge main process ended, respawning
[    3.315030] init: plymouth-upstart-bridge main process (198) terminated with status 1
[    3.315043] init: plymouth-upstart-bridge main process ended, respawning
[    3.316307] init: plymouth-upstart-bridge main process (200) terminated with status 1
[    3.316318] init: plymouth-upstart-bridge main process ended, respawning
[    3.317930] init: plymouth-upstart-bridge main process (201) terminated with status 1
[    3.317942] init: plymouth-upstart-bridge main process ended, respawning
[    3.319495] init: plymouth-upstart-bridge main process (203) terminated with status 1
[    3.319503] init: plymouth-upstart-bridge main process ended, respawning
[    3.321162] init: plymouth-upstart-bridge main process (204) terminated with status 1
[    3.321173] init: plymouth-upstart-bridge main process ended, respawning
[    3.322725] init: plymouth-upstart-bridge main process (206) terminated with status 1
[    3.322733] init: plymouth-upstart-bridge main process ended, respawning
[    3.324332] init: plymouth-upstart-bridge main process (207) terminated with status 1
[    3.324344] init: plymouth-upstart-bridge main process ended, respawning
[    3.325878] init: plymouth-upstart-bridge main process (209) terminated with status 1
[    3.325886] init: plymouth-upstart-bridge main process ended, respawning
[    3.327478] init: plymouth-upstart-bridge main process (210) terminated with status 1
[    3.327490] init: plymouth-upstart-bridge main process ended, respawning
[    3.329078] init: plymouth-upstart-bridge main process (212) terminated with status 1
[    3.329086] init: plymouth-upstart-bridge respawning too fast, stopped
[    9.349212] Adding 4052988k swap on /dev/sda6.  Priority:-1 extents:1 across:4052988k FS
[    9.435171] IPv6: ADDRCONF(NETDEV_UP): eth0: link is not ready
[    9.524474] systemd-udevd[312]: starting version 204
[    9.722349] lp: driver loaded but no devices found
[    9.726682] ppdev: user-space parallel port driver
[    9.758643] mei_me 0000:00:16.0: irq 42 for MSI/MSI-X
[    9.760545] wmi: Mapper loaded
[    9.765752] [drm] Initialized drm 1.1.0 20060810
[    9.770081] ACPI Warning: 0x0000000000000428-0x000000000000042f SystemIO conflicts with Region \PMIO 1 (20131115/utaddress-251)
[    9.770090] ACPI: If an ACPI driver is available for this device, you should use it instead of the native driver
[    9.770093] ACPI Warning: 0x0000000000000530-0x000000000000053f SystemIO conflicts with Region \GPIO 1 (20131115/utaddress-251)
[    9.770095] ACPI: If an ACPI driver is available for this device, you should use it instead of the native driver
[    9.770097] ACPI Warning: 0x0000000000000500-0x000000000000052f SystemIO conflicts with Region \GPIO 1 (20131115/utaddress-251)
[    9.770099] ACPI: If an ACPI driver is available for this device, you should use it instead of the native driver
[    9.770100] lpc_ich: Resource conflict(s) found affecting gpio_ich
[    9.796437] cfg80211: Calling CRDA to update world regulatory domain
[    9.798466] lib80211: common routines for IEEE802.11 drivers
[    9.798469] lib80211_crypt: registered algorithm 'NULL'
[    9.800075] wl: module license 'MIXED/Proprietary' taints kernel.
[    9.800081] Disabling lock debugging due to kernel taint
[    9.802507] wl: module verification failed: signature and/or  required key missing - tainting kernel
[    9.807252] [drm] Memory usable by graphics device = 2048M
[    9.807257] checking generic (e0000000 410000) vs hw (e0000000 10000000)
[    9.807259] fb: conflicting fb hw usage inteldrmfb vs VESA VGA - removing generic driver
[    9.807280] Console: switching to colour dummy device 80x25
[    9.836199] INFO @wl_cfg80211_attach : Registered CFG80211 phy
[    9.839158] lib80211_crypt: registered algorithm 'TKIP'
[    9.868290] dcdbas dcdbas: Dell Systems Management Base Driver (version 5.6.0-3.2)
[    9.877429] i915 0000:00:02.0: irq 43 for MSI/MSI-X
[    9.877442] [drm] Supports vblank timestamp caching Rev 2 (21.10.2013).
[    9.877444] [drm] Driver supports precise vblank timestamp query.
[    9.877611] vgaarb: device changed decodes: PCI:0000:00:02.0,olddecodes=io+mem,decodes=io+mem:owns=io+mem
[    9.880419] type=1400 audit(1422001572.581:2): apparmor="STATUS" operation="profile_load" profile="unconfined" name="/sbin/dhclient" pid=384 comm="apparmor_parser"
[    9.880427] type=1400 audit(1422001572.581:3): apparmor="STATUS" operation="profile_load" profile="unconfined" name="/usr/lib/NetworkManager/nm-dhcp-client.action" pid=384 comm="apparmor_parser"
[    9.880432] type=1400 audit(1422001572.581:4): apparmor="STATUS" operation="profile_load" profile="unconfined" name="/usr/lib/connman/scripts/dhclient-script" pid=384 comm="apparmor_parser"
[    9.880831] type=1400 audit(1422001572.581:5): apparmor="STATUS" operation="profile_replace" profile="unconfined" name="/sbin/dhclient" pid=406 comm="apparmor_parser"
[    9.880839] type=1400 audit(1422001572.581:6): apparmor="STATUS" operation="profile_replace" profile="unconfined" name="/usr/lib/NetworkManager/nm-dhcp-client.action" pid=406 comm="apparmor_parser"
[    9.880845] type=1400 audit(1422001572.581:7): apparmor="STATUS" operation="profile_replace" profile="unconfined" name="/usr/lib/connman/scripts/dhclient-script" pid=406 comm="apparmor_parser"
[    9.880897] type=1400 audit(1422001572.581:8): apparmor="STATUS" operation="profile_replace" profile="unconfined" name="/usr/lib/NetworkManager/nm-dhcp-client.action" pid=384 comm="apparmor_parser"
[    9.880902] type=1400 audit(1422001572.581:9): apparmor="STATUS" operation="profile_replace" profile="unconfined" name="/usr/lib/connman/scripts/dhclient-script" pid=384 comm="apparmor_parser"
[    9.881140] type=1400 audit(1422001572.581:10): apparmor="STATUS" operation="profile_replace" profile="unconfined" name="/usr/lib/connman/scripts/dhclient-script" pid=384 comm="apparmor_parser"
[    9.881456] type=1400 audit(1422001572.581:11): apparmor="STATUS" operation="profile_replace" profile="unconfined" name="/usr/lib/NetworkManager/nm-dhcp-client.action" pid=406 comm="apparmor_parser"
[    9.912663] [drm] Wrong MCH_SSKPD value: 0x17050407
[    9.912666] [drm] This can cause pipe underruns and display issues.
[    9.912667] [drm] Please upgrade your BIOS to fix this.
[    9.932466] fbcon: inteldrmfb (fb0) is primary device
[    9.944391] wlan0: Broadcom BCM4365 802.11 Hybrid Wireless Controller 6.30.223.141 (r415941)
[    9.957708] input: Dell WMI hotkeys as /devices/virtual/input/input8
[   10.097174] Bluetooth: Core ver 2.17
[   10.097189] NET: Registered protocol family 31
[   10.097189] Bluetooth: HCI device and connection manager initialized
[   10.097197] Bluetooth: HCI socket layer initialized
[   10.097199] Bluetooth: L2CAP socket layer initialized
[   10.097203] Bluetooth: SCO socket layer initialized
[   10.100036] Linux video capture interface: v2.00
[   10.100591] usbcore: registered new interface driver btusb
[   10.101488] usbcore: registered new interface driver usb-storage
[   10.103347] ums-realtek 2-1.6:1.0: USB Mass Storage device detected
[   10.106817] uvcvideo: Found UVC 1.00 device Laptop_Integrated_Webcam_HD (0c45:6473)
[   10.122029] scsi6 : usb-storage 2-1.6:1.0
[   10.122098] usbcore: registered new interface driver ums-realtek
[   10.123242] cfg80211: World regulatory domain updated:
[   10.123243] cfg80211:   (start_freq - end_freq @ bandwidth), (max_antenna_gain, max_eirp)
[   10.123244] cfg80211:   (2402000 KHz - 2472000 KHz @ 40000 KHz), (300 mBi, 2000 mBm)
[   10.123245] cfg80211:   (2457000 KHz - 2482000 KHz @ 40000 KHz), (300 mBi, 2000 mBm)
[   10.123245] cfg80211:   (2474000 KHz - 2494000 KHz @ 20000 KHz), (300 mBi, 2000 mBm)
[   10.123246] cfg80211:   (5170000 KHz - 5250000 KHz @ 40000 KHz), (300 mBi, 2000 mBm)
[   10.123247] cfg80211:   (5735000 KHz - 5835000 KHz @ 40000 KHz), (300 mBi, 2000 mBm)
[   10.132972] input: Laptop_Integrated_Webcam_HD as /devices/pci0000:00/0000:00:1a.0/usb1/1-1/1-1.5/1-1.5:1.0/input/input9
[   10.133030] usbcore: registered new interface driver uvcvideo
[   10.133031] USB Video Class driver (1.1.1)
[   10.246892] usb 2-1.6: USB disconnect, device number 3
[   10.261601] usb 1-1.4: Direct firmware load failed with error -2
[   10.261604] usb 1-1.4: Falling back to user helper
[   10.262223] Bluetooth: can't load firmware, may not work correctly
[   10.871872] Console: switching to colour frame buffer device 170x48
[   10.873912] i915 0000:00:02.0: fb0: inteldrmfb frame buffer device
[   10.873913] i915 0000:00:02.0: registered panic notifier
[   10.880300] ACPI: Video Device [GFX0] (multi-head: yes  rom: no  post: no)
[   10.880713] acpi device:35: registered as cooling_device5
[   10.880808] input: Video Bus as /devices/LNXSYSTM:00/device:00/PNP0A08:00/LNXVIDEO:00/input/input10
[   10.880898] [drm] Initialized i915 1.6.0 20080730 for 0000:00:02.0 on minor 0
[   10.881515] snd_hda_intel 0000:00:1b.0: irq 44 for MSI/MSI-X
[   10.891924] autoconfig: line_outs=1 (0x5/0x0/0x0/0x0/0x0) type:speaker
[   10.891927]    speaker_outs=0 (0x0/0x0/0x0/0x0/0x0)
[   10.891928]    hp_outs=1 (0x4/0x0/0x0/0x0/0x0)
[   10.891929]    mono: mono_out=0x0
[   10.891930]    inputs:
[   10.891931]      Internal Mic=0x7
[   10.891933]      Mic=0x6
[   10.898432] input: HDA Intel PCH HDMI/DP,pcm=3 as /devices/pci0000:00/0000:00:1b.0/sound/card0/input13
[   10.898885] input: HDA Intel PCH Headphone as /devices/pci0000:00/0000:00:1b.0/sound/card0/input12
[   10.898968] input: HDA Intel PCH Mic as /devices/pci0000:00/0000:00:1b.0/sound/card0/input11
[   11.811571] [drm] Enabling RC6 states: RC6 on, RC6p off, RC6pp off
[   12.794213] EXT4-fs (sda5): re-mounted. Opts: errors=remount-ro
[   13.161526] init: failsafe main process (670) killed by TERM signal
[   13.438516] Bluetooth: RFCOMM TTY layer initialized
[   13.438527] Bluetooth: RFCOMM socket layer initialized
[   13.438532] Bluetooth: RFCOMM ver 1.11
[   13.446506] Bluetooth: BNEP (Ethernet Emulation) ver 1.3
[   13.446511] Bluetooth: BNEP filters: protocol multicast
[   13.446519] Bluetooth: BNEP socket layer initialized
[   13.719707] init: cups main process (780) killed by HUP signal
[   13.719716] init: cups main process ended, respawning
[   15.403390] r8169 0000:09:00.0 eth0: link down
[   15.403437] IPv6: ADDRCONF(NETDEV_UP): eth0: link is not ready
[   15.403832] IPv6: ADDRCONF(NETDEV_UP): eth0: link is not ready
[   19.582024] init: anacron main process (944) killed by TERM signal
[   43.575518] audit_printk_skb: 168 callbacks suppressed
[   43.575522] type=1400 audit(1422001606.293:68): apparmor="STATUS" operation="profile_replace" profile="unconfined" name="/usr/lib/cups/backend/cups-pdf" pid=1560 comm="apparmor_parser"
[   43.575528] type=1400 audit(1422001606.293:69): apparmor="STATUS" operation="profile_replace" profile="unconfined" name="/usr/sbin/cupsd" pid=1560 comm="apparmor_parser"
[   43.575892] type=1400 audit(1422001606.293:70): apparmor="STATUS" operation="profile_replace" profile="unconfined" name="/usr/sbin/cupsd" pid=1560 comm="apparmor_parser"
[  180.464154] systemd-hostnamed[2211]: Warning: nss-myhostname is not installed. Changing the local hostname might make it unresolveable. Please install nss-myhostname!
[  297.533617] init: anacron main process (2409) killed by TERM signal
[  297.773132] PM: Syncing filesystems ... done.
[  297.950935] PM: Preparing system for mem sleep
[  297.951096] Freezing user space processes ... (elapsed 0.001 seconds) done.
[  297.952363] Freezing remaining freezable tasks ... (elapsed 0.001 seconds) done.
[  297.953452] PM: Entering mem sleep
[  297.953998] Suspending console(s) (use no_console_suspend to debug)
[  297.954190] sd 0:0:0:0: [sda] Synchronizing SCSI cache
[  297.954272] sd 0:0:0:0: [sda] Stopping disk
[  298.992002] PM: suspend of devices complete after 1038.438 msecs
[  299.007895] PM: late suspend of devices complete after 15.892 msecs
[  299.008074] r8169 0000:09:00.0: System wakeup enabled by ACPI
[  299.023840] ehci-pci 0000:00:1d.0: System wakeup enabled by ACPI
[  299.039942] ehci-pci 0000:00:1a.0: System wakeup enabled by ACPI
[  299.071751] PM: noirq suspend of devices complete after 63.887 msecs
[  299.071949] ACPI: Preparing to enter system sleep state S3
[  299.080352] PM: Saving platform NVS memory
[  299.090607] Disabling non-boot CPUs ...
[  299.091877] kvm: disabling virtualization on CPU1
[  299.092109] smpboot: CPU 1 is now offline
[  299.093558] kvm: disabling virtualization on CPU2
[  299.195663] smpboot: CPU 2 is now offline
[  299.196072] Broke affinity for irq 16
[  299.197089] kvm: disabling virtualization on CPU3
[  299.299611] smpboot: CPU 3 is now offline
[  299.300989] ACPI: Low-level resume complete
[  299.301030] PM: Restoring platform NVS memory
[  299.304462] Enabling non-boot CPUs ...
[  299.304507] x86: Booting SMP configuration:
[  299.304508] smpboot: Booting Node 0 Processor 1 APIC 0x2
[  299.315487] kvm: enabling virtualization on CPU1
[  299.317893] CPU1 is up
[  299.317914] smpboot: Booting Node 0 Processor 2 APIC 0x1
[  299.328989] kvm: enabling virtualization on CPU2
[  299.331338] CPU2 is up
[  299.331356] smpboot: Booting Node 0 Processor 3 APIC 0x3
[  299.342424] kvm: enabling virtualization on CPU3
[  299.344833] CPU3 is up
[  299.351383] ACPI: Waking up from system sleep state S3
[  299.416195] ehci-pci 0000:00:1a.0: System wakeup disabled by ACPI
[  299.448164] ehci-pci 0000:00:1d.0: System wakeup disabled by ACPI
[  299.496269] PM: noirq resume of devices complete after 127.941 msecs
[  299.496383] PM: early resume of devices complete after 0.093 msecs
[  299.496431] mei_me 0000:00:16.0: irq 42 for MSI/MSI-X
[  299.497802] r8169 0000:09:00.0: System wakeup disabled by ACPI
[  299.497909] snd_hda_intel 0000:00:1b.0: irq 44 for MSI/MSI-X
[  299.504114] dpm_run_callback(): pnp_bus_resume+0x0/0xa0 returns -19
[  299.504116] PM: Device 00:09 failed to resume: error -19
[  299.532241] [drm] Wrong MCH_SSKPD value: 0x17050407
[  299.532241] [drm] This can cause pipe underruns and display issues.
[  299.532242] [drm] Please upgrade your BIOS to fix this.
[  299.708174] usb 1-1.5: reset high-speed USB device number 4 using ehci-pci
[  299.839948] ata5: SATA link up 1.5 Gbps (SStatus 113 SControl 300)
[  299.844195] ata5.00: configured for UDMA/100
[  299.876101] usb 1-1.4: reset full-speed USB device number 3 using ehci-pci
[  300.643544] [drm] Enabling RC6 states: RC6 on, RC6p off, RC6pp off
[  300.959418] ata1: SATA link up 6.0 Gbps (SStatus 133 SControl 300)
[  300.965669] ata1.00: ACPI cmd ef/10:06:00:00:00:00 (SET FEATURES) succeeded
[  300.965671] ata1.00: ACPI cmd f5/00:00:00:00:00:00 (SECURITY FREEZE LOCK) filtered out
[  300.965673] ata1.00: ACPI cmd b1/c1:00:00:00:00:00 (DEVICE CONFIGURATION OVERLAY) filtered out
[  300.978981] ata1.00: ACPI cmd ef/10:06:00:00:00:00 (SET FEATURES) succeeded
[  300.978983] ata1.00: ACPI cmd f5/00:00:00:00:00:00 (SECURITY FREEZE LOCK) filtered out
[  300.978985] ata1.00: ACPI cmd b1/c1:00:00:00:00:00 (DEVICE CONFIGURATION OVERLAY) filtered out
[  300.987295] ata1.00: configured for UDMA/133
[  301.003414] sd 0:0:0:0: [sda] Starting disk
[  301.012674] PM: resume of devices complete after 1517.064 msecs
[  301.012985] ------------[ cut here ]------------
[  301.012992] WARNING: CPU: 0 PID: 367 at /build/buildd/linux-3.13.0/drivers/base/firmware_class.c:1092 _request_firmware+0x5f9/0xb20()
[  301.013037] Modules linked in: bnep rfcomm snd_hda_codec_hdmi snd_hda_codec_cirrus uvcvideo videobuf2_vmalloc videobuf2_memops ums_realtek videobuf2_core usb_storage btusb videodev bluetooth dell_wmi sparse_keymap intel_rapl x86_pkg_temp_thermal intel_powerclamp coretemp kvm_intel kvm crct10dif_pclmul crc32_pclmul dell_laptop dcdbas ghash_clmulni_intel snd_hda_intel aesni_intel snd_hda_codec snd_hwdep snd_pcm lib80211_crypt_tkip aes_x86_64 lrw gf128mul glue_helper ablk_helper cryptd snd_page_alloc joydev wl(POX) i915 lib80211 serio_raw snd_seq_midi snd_seq_midi_event snd_rawmidi snd_seq drm_kms_helper cfg80211 snd_seq_device snd_timer snd lpc_ich soundcore drm wmi mei_me mei i2c_algo_bit mac_hid video parport_pc ppdev lp parport psmouse ahci r8169 libahci mii
[  301.013039] CPU: 0 PID: 367 Comm: kworker/u9:1 Tainted: P           OX 3.13.0-44-generic #73-Ubuntu
[  301.013040] Hardware name: Dell Inc. Vostro 2520/0V1NDP, BIOS A09 09/09/2013
[  301.013051] Workqueue: hci0 hci_power_on [bluetooth]
[  301.013054]  0000000000000009 ffff8800cdcffc48 ffffffff81720d86 0000000000000000
[  301.013056]  ffff8800cdcffc80 ffffffff810677cd ffff8800cdcffd64 ffff8800c91475c0
[  301.013058]  ffff8800cd2fff00 00000000fffffff5 ffff8800cdcffd58 ffff8800cdcffc90
[  301.013058] Call Trace:
[  301.013063]  [<ffffffff81720d86>] dump_stack+0x45/0x56
[  301.013066]  [<ffffffff810677cd>] warn_slowpath_common+0x7d/0xa0
[  301.013067]  [<ffffffff810678aa>] warn_slowpath_null+0x1a/0x20
[  301.013069]  [<ffffffff814a89f9>] _request_firmware+0x5f9/0xb20
[  301.013072]  [<ffffffff814a8f54>] request_firmware+0x34/0x50
[  301.013075]  [<ffffffffa086b802>] btusb_setup_patchram+0x72/0x1c0 [btusb]
[  301.013081]  [<ffffffffa0881bd5>] hci_dev_do_open+0x275/0x760 [bluetooth]
[  301.013085]  [<ffffffff810125c6>] ? __switch_to+0x126/0x4c0
[  301.013091]  [<ffffffffa08826b0>] hci_power_on+0x40/0x180 [bluetooth]
[  301.013095]  [<ffffffff81083a52>] process_one_work+0x182/0x450
[  301.013097]  [<ffffffff81084841>] worker_thread+0x121/0x410
[  301.013102]  [<ffffffff81084720>] ? rescuer_thread+0x430/0x430
[  301.013106]  [<ffffffff8108b572>] kthread+0xd2/0xf0
[  301.013109]  [<ffffffff8108b4a0>] ? kthread_create_on_node+0x1c0/0x1c0
[  301.013112]  [<ffffffff817317bc>] ret_from_fork+0x7c/0xb0
[  301.013115]  [<ffffffff8108b4a0>] ? kthread_create_on_node+0x1c0/0x1c0
[  301.013116] ---[ end trace 463556e518431afb ]---
[  301.013119] usb 1-1.4: firmware: fw-0a5c_21d7.hcd will not be loaded
[  301.013121] Bluetooth: can't load firmware, may not work correctly
[  301.013181] PM: Finishing wakeup.
[  301.013182] Restarting tasks ... done.
[  301.047731] video LNXVIDEO:00: Restoring backlight state
[  301.087474] usb 2-1.6: new high-speed USB device number 4 using ehci-pci
[  301.199867] init: anacron main process (2681) killed by TERM signal
[  301.436597] usb 2-1.6: New USB device found, idVendor=0bda, idProduct=0138
[  301.436602] usb 2-1.6: New USB device strings: Mfr=1, Product=2, SerialNumber=3
[  301.436605] usb 2-1.6: Product: USB2.0-CRW
[  301.436608] usb 2-1.6: Manufacturer: Generic
[  301.436610] usb 2-1.6: SerialNumber: 20090516388200000
[  301.442256] ums-realtek 2-1.6:1.0: USB Mass Storage device detected
[  301.461109] scsi7 : usb-storage 2-1.6:1.0
[  301.461694] usb 2-1.6: USB disconnect, device number 4
[  301.493119] r8169 0000:09:00.0 eth0: link down
[  301.493172] IPv6: ADDRCONF(NETDEV_UP): eth0: link is not ready
[  303.018326] Bluetooth: hci0 command 0x1003 tx timeout
[  304.324131] atkbd serio0: Unknown key pressed (translated set 2, code 0x8d on isa0060/serio0).
[  304.324143] atkbd serio0: Use 'setkeycodes e00d <keycode>' to make it known.
[  353.688902] init: anacron main process (2896) killed by TERM signal
[  354.060931] PM: Syncing filesystems ... done.
[  354.195583] PM: Preparing system for mem sleep
[  354.195899] Freezing user space processes ... (elapsed 0.002 seconds) done.
[  354.198017] Freezing remaining freezable tasks ... (elapsed 0.001 seconds) done.
[  354.199183] PM: Entering mem sleep
[  354.199750] Suspending console(s) (use no_console_suspend to debug)
[  354.199947] sd 0:0:0:0: [sda] Synchronizing SCSI cache
[  354.200038] sd 0:0:0:0: [sda] Stopping disk
[  354.211421] mei_me 0000:00:16.0: H_RDY is not cleared 0x80161618
[  355.223549] PM: suspend of devices complete after 1024.215 msecs
[  355.239579] PM: late suspend of devices complete after 16.030 msecs
[  355.239759] r8169 0000:09:00.0: System wakeup enabled by ACPI
[  355.255607] ehci-pci 0000:00:1d.0: System wakeup enabled by ACPI
[  355.271662] ehci-pci 0000:00:1a.0: System wakeup enabled by ACPI
[  355.303511] PM: noirq suspend of devices complete after 63.960 msecs
[  355.304181] ACPI: Preparing to enter system sleep state S3
[  355.312800] PM: Saving platform NVS memory
[  355.323269] Disabling non-boot CPUs ...
[  355.324517] kvm: disabling virtualization on CPU1
[  355.427372] smpboot: CPU 1 is now offline
[  355.428856] kvm: disabling virtualization on CPU2
[  355.531347] smpboot: CPU 2 is now offline
[  355.531772] Broke affinity for irq 23
[  355.531773] Broke affinity for irq 41
[  355.532776] kvm: disabling virtualization on CPU3
[  355.635278] smpboot: CPU 3 is now offline
[  355.636760] ACPI: Low-level resume complete
[  355.636802] PM: Restoring platform NVS memory
[  355.640214] Enabling non-boot CPUs ...
[  355.640258] x86: Booting SMP configuration:
[  355.640259] smpboot: Booting Node 0 Processor 1 APIC 0x2
[  355.651240] kvm: enabling virtualization on CPU1
[  355.653661] CPU1 is up
[  355.653683] smpboot: Booting Node 0 Processor 2 APIC 0x1
[  355.664756] kvm: enabling virtualization on CPU2
[  355.667114] CPU2 is up
[  355.667132] smpboot: Booting Node 0 Processor 3 APIC 0x3
[  355.678100] kvm: enabling virtualization on CPU3
[  355.680461] CPU3 is up
[  355.687129] ACPI: Waking up from system sleep state S3
[  355.751803] ehci-pci 0000:00:1a.0: System wakeup disabled by ACPI
[  355.783777] ehci-pci 0000:00:1d.0: System wakeup disabled by ACPI
[  355.831880] PM: noirq resume of devices complete after 127.930 msecs
[  355.831990] PM: early resume of devices complete after 0.089 msecs
[  355.832039] mei_me 0000:00:16.0: irq 42 for MSI/MSI-X
[  355.833625] r8169 0000:09:00.0: System wakeup disabled by ACPI
[  355.835777] snd_hda_intel 0000:00:1b.0: irq 44 for MSI/MSI-X
[  355.838161] dpm_run_callback(): pnp_bus_resume+0x0/0xa0 returns -19
[  355.838163] PM: Device 00:09 failed to resume: error -19
[  355.867861] [drm] Wrong MCH_SSKPD value: 0x17050407
[  355.867861] [drm] This can cause pipe underruns and display issues.
[  355.867862] [drm] Please upgrade your BIOS to fix this.
[  356.047827] usb 1-1.4: reset full-speed USB device number 3 using ehci-pci
[  356.175566] ata5: SATA link up 1.5 Gbps (SStatus 113 SControl 300)
[  356.179828] ata5.00: configured for UDMA/100
[  356.211723] usb 1-1.5: reset high-speed USB device number 4 using ehci-pci
[  357.294988] ata1: SATA link up 6.0 Gbps (SStatus 133 SControl 300)
[  357.301262] ata1.00: ACPI cmd ef/10:06:00:00:00:00 (SET FEATURES) succeeded
[  357.301268] ata1.00: ACPI cmd f5/00:00:00:00:00:00 (SECURITY FREEZE LOCK) filtered out
[  357.301272] ata1.00: ACPI cmd b1/c1:00:00:00:00:00 (DEVICE CONFIGURATION OVERLAY) filtered out
[  357.313986] ata1.00: ACPI cmd ef/10:06:00:00:00:00 (SET FEATURES) succeeded
[  357.313992] ata1.00: ACPI cmd f5/00:00:00:00:00:00 (SECURITY FREEZE LOCK) filtered out
[  357.313996] ata1.00: ACPI cmd b1/c1:00:00:00:00:00 (DEVICE CONFIGURATION OVERLAY) filtered out
[  357.320939] ata1.00: configured for UDMA/133
[  357.335081] sd 0:0:0:0: [sda] Starting disk
[  357.347742] PM: resume of devices complete after 1516.527 msecs
[  357.348076] ------------[ cut here ]------------
[  357.348083] WARNING: CPU: 1 PID: 367 at /build/buildd/linux-3.13.0/drivers/base/firmware_class.c:1092 _request_firmware+0x5f9/0xb20()
[  357.348113] Modules linked in: bnep rfcomm snd_hda_codec_hdmi snd_hda_codec_cirrus uvcvideo videobuf2_vmalloc videobuf2_memops ums_realtek videobuf2_core usb_storage btusb videodev bluetooth dell_wmi sparse_keymap intel_rapl x86_pkg_temp_thermal intel_powerclamp coretemp kvm_intel kvm crct10dif_pclmul crc32_pclmul dell_laptop dcdbas ghash_clmulni_intel snd_hda_intel aesni_intel snd_hda_codec snd_hwdep snd_pcm lib80211_crypt_tkip aes_x86_64 lrw gf128mul glue_helper ablk_helper cryptd snd_page_alloc joydev wl(POX) i915 lib80211 serio_raw snd_seq_midi snd_seq_midi_event snd_rawmidi snd_seq drm_kms_helper cfg80211 snd_seq_device snd_timer snd lpc_ich soundcore drm wmi mei_me mei i2c_algo_bit mac_hid video parport_pc ppdev lp parport psmouse ahci r8169 libahci mii
[  357.348115] CPU: 1 PID: 367 Comm: kworker/u9:1 Tainted: P        W  OX 3.13.0-44-generic #73-Ubuntu
[  357.348116] Hardware name: Dell Inc. Vostro 2520/0V1NDP, BIOS A09 09/09/2013
[  357.348127] Workqueue: hci0 hci_power_on [bluetooth]
[  357.348130]  0000000000000009 ffff8800cdcffc48 ffffffff81720d86 0000000000000000
[  357.348132]  ffff8800cdcffc80 ffffffff810677cd ffff8800cdcffd64 ffff8800cd25ace0
[  357.348133]  ffff8800a3fe6b40 00000000fffffff5 ffff8800cdcffd58 ffff8800cdcffc90
[  357.348134] Call Trace:
[  357.348137]  [<ffffffff81720d86>] dump_stack+0x45/0x56
[  357.348140]  [<ffffffff810677cd>] warn_slowpath_common+0x7d/0xa0
[  357.348144]  [<ffffffff810678aa>] warn_slowpath_null+0x1a/0x20
[  357.348147]  [<ffffffff814a89f9>] _request_firmware+0x5f9/0xb20
[  357.348150]  [<ffffffff814a8f54>] request_firmware+0x34/0x50
[  357.348154]  [<ffffffffa086b802>] btusb_setup_patchram+0x72/0x1c0 [btusb]
[  357.348160]  [<ffffffffa0881bd5>] hci_dev_do_open+0x275/0x760 [bluetooth]
[  357.348164]  [<ffffffff810125c6>] ? __switch_to+0x126/0x4c0
[  357.348171]  [<ffffffffa08826b0>] hci_power_on+0x40/0x180 [bluetooth]
[  357.348175]  [<ffffffff81083a52>] process_one_work+0x182/0x450
[  357.348177]  [<ffffffff81084841>] worker_thread+0x121/0x410
[  357.348180]  [<ffffffff81084720>] ? rescuer_thread+0x430/0x430
[  357.348182]  [<ffffffff8108b572>] kthread+0xd2/0xf0
[  357.348185]  [<ffffffff8108b4a0>] ? kthread_create_on_node+0x1c0/0x1c0
[  357.348188]  [<ffffffff817317bc>] ret_from_fork+0x7c/0xb0
[  357.348190]  [<ffffffff8108b4a0>] ? kthread_create_on_node+0x1c0/0x1c0
[  357.348191] ---[ end trace 463556e518431afc ]---
[  357.348193] usb 1-1.4: firmware: fw-0a5c_21d7.hcd will not be loaded
[  357.348195] Bluetooth: can't load firmware, may not work correctly
[  357.348246] PM: Finishing wakeup.
[  357.348247] Restarting tasks ... done.
[  357.371280] video LNXVIDEO:00: Restoring backlight state
[  357.419047] usb 2-1.6: new high-speed USB device number 5 using ehci-pci
[  357.512348] init: anacron main process (3092) killed by TERM signal
[  357.642795] [drm] Enabling RC6 states: RC6 on, RC6p off, RC6pp off
[  357.770716] usb 2-1.6: New USB device found, idVendor=0bda, idProduct=0138
[  357.770722] usb 2-1.6: New USB device strings: Mfr=1, Product=2, SerialNumber=3
[  357.770725] usb 2-1.6: Product: USB2.0-CRW
[  357.770727] usb 2-1.6: Manufacturer: Generic
[  357.770729] usb 2-1.6: SerialNumber: 20090516388200000
[  357.784300] ums-realtek 2-1.6:1.0: USB Mass Storage device detected
[  357.792732] r8169 0000:09:00.0 eth0: link down
[  357.792800] IPv6: ADDRCONF(NETDEV_UP): eth0: link is not ready
[  357.806699] scsi8 : usb-storage 2-1.6:1.0
[  357.807460] usb 2-1.6: USB disconnect, device number 5
[  359.349901] Bluetooth: hci0 command 0x1003 tx timeout
[  360.612692] atkbd serio0: Unknown key pressed (translated set 2, code 0x8d on isa0060/serio0).
[  360.612706] atkbd serio0: Use 'setkeycodes e00d <keycode>' to make it known.
[  680.473432] usb 1-1.2: new high-speed USB device number 5 using ehci-pci
[  680.568605] usb 1-1.2: New USB device found, idVendor=8564, idProduct=1000
[  680.568617] usb 1-1.2: New USB device strings: Mfr=1, Product=2, SerialNumber=3
[  680.568623] usb 1-1.2: Product: Mass Storage Device
[  680.568628] usb 1-1.2: Manufacturer: JetFlash
[  680.568633] usb 1-1.2: SerialNumber: 59EJ8NILQS6Z9SLL
[  680.569298] usb-storage 1-1.2:1.0: USB Mass Storage device detected
[  680.569474] scsi9 : usb-storage 1-1.2:1.0
[  681.784581] scsi 9:0:0:0: Direct-Access     JetFlash Transcend 8GB    1100 PQ: 0 ANSI: 4
[  681.785368] sd 9:0:0:0: Attached scsi generic sg2 type 0
[  681.785992] sd 9:0:0:0: [sdb] 15667200 512-byte logical blocks: (8.02 GB/7.47 GiB)
[  681.786851] sd 9:0:0:0: [sdb] Write Protect is off
[  681.786863] sd 9:0:0:0: [sdb] Mode Sense: 43 00 00 00
[  681.787820] sd 9:0:0:0: [sdb] No Caching mode page found
[  681.787832] sd 9:0:0:0: [sdb] Assuming drive cache: write through
[  681.791587] sd 9:0:0:0: [sdb] No Caching mode page found
[  681.791602] sd 9:0:0:0: [sdb] Assuming drive cache: write through
[  681.792784]  sdb: sdb1
[  681.795273] sd 9:0:0:0: [sdb] No Caching mode page found
[  681.795278] sd 9:0:0:0: [sdb] Assuming drive cache: write through
[  681.795282] sd 9:0:0:0: [sdb] Attached SCSI removable disk
[  694.560324] systemd-hostnamed[3273]: Warning: nss-myhostname is not installed. Changing the local hostname might make it unresolveable. Please install nss-myhostname!
[  738.200506] sdb: detected capacity change from 8021606400 to 0
[  743.731500] usb 1-1.2: USB disconnect, device number 5
[ 2042.569444] r8169 0000:09:00.0 eth0: link up
[ 2042.569465] IPv6: ADDRCONF(NETDEV_CHANGE): eth0: link becomes ready
[ 2669.158220] systemd-hostnamed[3882]: Warning: nss-myhostname is not installed. Changing the local hostname might make it unresolveable. Please install nss-myhostname!
[ 4275.715754] systemd-timedated[4923]: /etc/localtime should be a symbolic link to a timezone data file in /usr/share/zoneinfo/.
[ 4280.665498] systemd-timedated[4923]: Set NTP to disabled
[ 4362.763162] systemd-timedated[4923]: Set NTP to enabled
[ 4364.014025] systemd-timedated[4923]: Set NTP to disabled
[ 4371.536662] systemd-timedated[4923]: Changed timezone to 'Asia/Kolkata'.
[ 6168.429387] type=1400 audit(1422007780.421:71): apparmor="DENIED" operation="capable" profile="/usr/lib/telepathy/mission-control-5" pid=6616 comm="mission-control" capability=1  capname="dac_override"
[ 6168.429399] type=1400 audit(1422007780.421:72): apparmor="DENIED" operation="capable" profile="/usr/lib/telepathy/mission-control-5" pid=6616 comm="mission-control" capability=2  capname="dac_read_search"
[ 6168.490359] type=1400 audit(1422007780.481:73): apparmor="DENIED" operation="capable" profile="/usr/lib/telepathy/mission-control-5" pid=6616 comm="mission-control" capability=1  capname="dac_override"
[ 6168.490382] type=1400 audit(1422007780.481:74): apparmor="DENIED" operation="capable" profile="/usr/lib/telepathy/mission-control-5" pid=6616 comm="mission-control" capability=2  capname="dac_read_search"
[10490.595591] systemd-hostnamed[13004]: Warning: nss-myhostname is not installed. Changing the local hostname might make it unresolveable. Please install nss-myhostname!
[11630.755690] r8169 0000:09:00.0 eth0: link down
[11869.160274] IPv6: ADDRCONF(NETDEV_UP): eth0: link is not ready
[13516.016572] dbus-daemon invoked oom-killer: gfp_mask=0x201da, order=0, oom_score_adj=0
[13516.016576] dbus-daemon cpuset=/ mems_allowed=0
[13516.016579] CPU: 3 PID: 1647 Comm: dbus-daemon Tainted: P        W  OX 3.13.0-44-generic #73-Ubuntu
[13516.016580] Hardware name: Dell Inc. Vostro 2520/0V1NDP, BIOS A09 09/09/2013
[13516.016582]  0000000000000000 ffff8800c93ff980 ffffffff81720d86 ffff8800c4c16000
[13516.016585]  ffff8800c93ffa08 ffffffff8171b641 0000000000000000 0000000000000000
[13516.016587]  0000000000000000 0000000000000000 0000000000000000 0000000000000000
[13516.016589] Call Trace:
[13516.016595]  [<ffffffff81720d86>] dump_stack+0x45/0x56
[13516.016599]  [<ffffffff8171b641>] dump_header+0x7f/0x1f1
[13516.016602]  [<ffffffff811526fe>] oom_kill_process+0x1ce/0x330
[13516.016606]  [<ffffffff812d6cd5>] ? security_capable_noaudit+0x15/0x20
[13516.016608]  [<ffffffff81152e34>] out_of_memory+0x414/0x450
[13516.016611]  [<ffffffff811591a0>] __alloc_pages_nodemask+0xa60/0xb80
[13516.016615]  [<ffffffff81197793>] alloc_pages_current+0xa3/0x160
[13516.016618]  [<ffffffff8114f2b7>] __page_cache_alloc+0x97/0xc0
[13516.016621]  [<ffffffff81150cc5>] filemap_fault+0x185/0x410
[13516.016624]  [<ffffffff81175b3f>] __do_fault+0x6f/0x530
[13516.016626]  [<ffffffff81179d02>] handle_mm_fault+0x482/0xf00
[13516.016629]  [<ffffffff812057a7>] ? ep_send_events_proc+0xa7/0x1c0
[13516.016632]  [<ffffffff8172cdd4>] __do_page_fault+0x184/0x560
[13516.016634]  [<ffffffff812061e3>] ? ep_poll+0x113/0x340
[13516.016637]  [<ffffffff8172d1ca>] do_page_fault+0x1a/0x70
[13516.016639]  [<ffffffff81729628>] page_fault+0x28/0x30
[13516.016640] Mem-Info:
[13516.016641] Node 0 DMA per-cpu:
[13516.016643] CPU    0: hi:    0, btch:   1 usd:   0
[13516.016645] CPU    1: hi:    0, btch:   1 usd:   0
[13516.016646] CPU    2: hi:    0, btch:   1 usd:   0
[13516.016647] CPU    3: hi:    0, btch:   1 usd:   0
[13516.016648] Node 0 DMA32 per-cpu:
[13516.016649] CPU    0: hi:  186, btch:  31 usd:  27
[13516.016651] CPU    1: hi:  186, btch:  31 usd:  13
[13516.016652] CPU    2: hi:  186, btch:  31 usd: 180
[13516.016653] CPU    3: hi:  186, btch:  31 usd:   5
[13516.016654] Node 0 Normal per-cpu:
[13516.016655] CPU    0: hi:  186, btch:  31 usd: 112
[13516.016656] CPU    1: hi:  186, btch:  31 usd: 136
[13516.016658] CPU    2: hi:  186, btch:  31 usd: 183
[13516.016659] CPU    3: hi:  186, btch:  31 usd: 180
[13516.016662] active_anon:729662 inactive_anon:184451 isolated_anon:0
[13516.016662]  active_file:73 inactive_file:38 isolated_file:0
[13516.016662]  unevictable:8 dirty:1 writeback:0 unstable:0
[13516.016662]  free:21314 slab_reclaimable:5278 slab_unreclaimable:8783
[13516.016662]  mapped:61 shmem:56519 pagetables:13806 bounce:0
[13516.016662]  free_cma:0
[13516.016665] Node 0 DMA free:15352kB min:264kB low:328kB high:396kB active_anon:0kB inactive_anon:0kB active_file:0kB inactive_file:0kB unevictable:0kB isolated(anon):0kB isolated(file):0kB present:15984kB managed:15360kB mlocked:0kB dirty:0kB writeback:0kB mapped:0kB shmem:0kB slab_reclaimable:0kB slab_unreclaimable:8kB kernel_stack:0kB pagetables:0kB unstable:0kB bounce:0kB free_cma:0kB writeback_tmp:0kB pages_scanned:0 all_unreclaimable? yes
[13516.016669] lowmem_reserve[]: 0 3361 3798 3798
[13516.016672] Node 0 DMA32 free:62520kB min:59576kB low:74468kB high:89364kB active_anon:2726324kB inactive_anon:545388kB active_file:288kB inactive_file:152kB unevictable:32kB isolated(anon):0kB isolated(file):0kB present:3524080kB managed:3445080kB mlocked:32kB dirty:0kB writeback:0kB mapped:244kB shmem:190764kB slab_reclaimable:14828kB slab_unreclaimable:25540kB kernel_stack:3608kB pagetables:48468kB unstable:0kB bounce:0kB free_cma:0kB writeback_tmp:0kB pages_scanned:665 all_unreclaimable? yes
[13516.016676] lowmem_reserve[]: 0 0 436 436
[13516.016678] Node 0 Normal free:7384kB min:7740kB low:9672kB high:11608kB active_anon:192324kB inactive_anon:192416kB active_file:4kB inactive_file:0kB unevictable:0kB isolated(anon):0kB isolated(file):0kB present:514048kB managed:447284kB mlocked:0kB dirty:4kB writeback:0kB mapped:0kB shmem:35312kB slab_reclaimable:6284kB slab_unreclaimable:9584kB kernel_stack:880kB pagetables:6756kB unstable:0kB bounce:0kB free_cma:0kB writeback_tmp:0kB pages_scanned:4464 all_unreclaimable? yes
[13516.016682] lowmem_reserve[]: 0 0 0 0
[13516.016684] Node 0 DMA: 0*4kB 1*8kB (U) 1*16kB (U) 1*32kB (U) 1*64kB (U) 1*128kB (U) 1*256kB (U) 1*512kB (U) 0*1024kB 1*2048kB (R) 3*4096kB (M) = 15352kB
[13516.016693] Node 0 DMA32: 1254*4kB (UEM) 769*8kB (UEM) 826*16kB (UEM) 400*32kB (UEM) 134*64kB (UE) 59*128kB (UE) 17*256kB (UE) 1*512kB (U) 0*1024kB 0*2048kB 1*4096kB (R) = 62272kB
[13516.016702] Node 0 Normal: 846*4kB (UEM) 0*8kB 2*16kB (R) 2*32kB (R) 3*64kB (R) 1*128kB (R) 2*256kB (R) 0*512kB 1*1024kB (R) 1*2048kB (R) 0*4096kB = 7384kB
[13516.016711] Node 0 hugepages_total=0 hugepages_free=0 hugepages_surp=0 hugepages_size=2048kB
[13516.016712] 57557 total pagecache pages
[13516.016713] 861 pages in swap cache
[13516.016715] Swap cache stats: add 1127488, delete 1126627, find 27088/38246
[13516.016716] Free swap  = 0kB
[13516.016716] Total swap = 4052988kB
[13516.016717] 1013528 pages RAM
[13516.016718] 0 pages HighMem/MovableOnly
[13516.016719] 16691 pages reserved
[13516.016720] [ pid ]   uid  tgid total_vm      rss nr_ptes swapents oom_score_adj name
[13516.016725] [  305]     0   305     4902       42      13       67             0 upstart-udev-br
[13516.016727] [  312]     0   312    12935       28      28      208         -1000 systemd-udevd
[13516.016729] [  566]     0   566     3914       28      13      113             0 upstart-socket-
[13516.016731] [  709]   102   709    10292      395      24      138             0 dbus-daemon
[13516.016733] [  741]     0   741    82559        0      64      803             0 ModemManager
[13516.016734] [  743]     0   743     4823        2      13       82             0 bluetoothd
[13516.016736] [  757]     0   757     3819       26      12       44             0 upstart-file-br
[13516.016738] [  769]   101   769    63961       70      26      113             0 rsyslogd
[13516.016740] [  790]     0   790    10882       34      27       67             0 systemd-logind
[13516.016742] [  838]   111   838     8450      364      22       83             0 avahi-daemon
[13516.016743] [  840]   111   840     8056        7      20       56             0 avahi-daemon
[13516.016745] [  892]     0   892     5004        2      13       38             0 getty
[13516.016747] [  896]     0   896     5004        2      13       37             0 getty
[13516.016748] [  903]     0   903     5004        2      13       39             0 getty
[13516.016750] [  904]     0   904     5004        2      13       38             0 getty
[13516.016751] [  907]     0   907     5004        2      13       38             0 getty
[13516.016753] [  934]     0   934    15341        1      33      170         -1000 sshd
[13516.016755] [  978]   106   978     9287       27      21       59             0 kerneloops
[13516.016756] [  986]     0   986     5914       22      17       43             0 cron
[13516.016758] [  989]     0   989     1092       38       8       13             0 acpid
[13516.016760] [  990]     0   990     4797       25      14       30             0 irqbalance
[13516.016761] [  991]     0   991    89224      301      71      687             0 NetworkManager
[13516.016763] [  992]     0   992    18838       27      42      202             0 cups-browsed
[13516.016765] [ 1044]     0  1044    73967      171      48      425             0 polkitd
[13516.016767] [ 1063]     0  1063     5004        2      13       38             0 getty
[13516.016769] [ 1072]     0  1072     7652       82      19       70             0 wpa_supplicant
[13516.016770] [ 1073]   109  1073    90865      155      74      206             0 whoopsie
[13516.016772] [ 1089]     0  1089    73160        1      46      230             0 lightdm
[13516.016774] [ 1100]     0  1100    79007     2810     113      565             0 Xorg
[13516.016775] [ 1103]     0  1103    75561       58      52      234             0 accounts-daemon
[13516.016777] [ 1195]     0  1195    42622        0      53      216             0 lightdm
[13516.016779] [ 1248]     0  1248    76238      165      49      115             0 upowerd
[13516.016781] [ 1303]   107  1303    42229        9      19       54             0 rtkit-daemon
[13516.016782] [ 1561]     0  1561    19213        1      42      277             0 cupsd
[13516.016784] [ 1585]  1000  1585    80686        0      52      270             0 gnome-keyring-d
[13516.016786] [ 1587]  1000  1587    10081      185      22       82             0 init
[13516.016787] [ 1630]  1000  1630     6110        0      16       70             0 dbus-launch
[13516.016789] [ 1632]  1000  1632     9779        0      23       81             0 dbus-daemon
[13516.016791] [ 1647]  1000  1647    10336      260      24      203             0 dbus-daemon
[13516.016792] [ 1650]  1000  1650     2654        1       8       78             0 ssh-agent
[13516.016794] [ 1657]  1000  1657     5575       32      16       24             0 upstart-event-b
